[0.011s] Invoking command in '/home/hydrolab-linux/ros_ws/src/ros2_wavemakers/build_fresh/mgate5101_driver': CMAKE_PREFIX_PATH=${CMAKE_PREFIX_PATH}:/home/hydrolab-linux/ros_ws/install/turtlesim_gotta_catch_em_all:/home/hydrolab-linux/ros_ws/install/rpi_tests:/home/hydrolab-linux/ros_ws/install/rpi_linmot:/home/hydrolab-linux/ros_ws/install/rpi_arduino:/home/hydrolab-linux/ros_ws/install/my_py_pkg:/home/hydrolab-linux/ros_ws/install/move_robot:/home/hydrolab-linux/ros_ws/install/actions_py:/home/hydrolab-linux/ros_ws/install/lifecycle_py:/home/hydrolab-linux/ros_ws/install/joy_teleop_bridge:/home/hydrolab-linux/ros_ws/install/executors_py:/home/hydrolab-linux/ros_ws/install/components_py:/home/hydrolab-linux/ros_ws/install/bno055:/opt/ros/jazzy DEBUGINFOD_URLS=https://debuginfod.ubuntu.com /usr/bin/cmake /home/hydrolab-linux/ros_ws/src/ros2_wavemakers/drivers/mgate5101_driver -DCMAKE_BUILD_TYPE=RelWithDebInfo -DCMAKE_INSTALL_PREFIX=/home/hydrolab-linux/ros_ws/src/ros2_wavemakers/install_fresh/mgate5101_driver
[0.021s] -- Found ament_cmake: 2.5.6 (/opt/ros/jazzy/share/ament_cmake/cmake)
[0.202s] -- Override CMake install command with custom implementation using symlinks instead of copying resources
[0.281s] -- Configuring done (0.3s)
[0.285s] -- Generating done (0.0s)
[0.287s] -- Build files have been written to: /home/hydrolab-linux/ros_ws/src/ros2_wavemakers/build_fresh/mgate5101_driver
[0.289s] Invoked command in '/home/hydrolab-linux/ros_ws/src/ros2_wavemakers/build_fresh/mgate5101_driver' returned '0': CMAKE_PREFIX_PATH=${CMAKE_PREFIX_PATH}:/home/hydrolab-linux/ros_ws/install/turtlesim_gotta_catch_em_all:/home/hydrolab-linux/ros_ws/install/rpi_tests:/home/hydrolab-linux/ros_ws/install/rpi_linmot:/home/hydrolab-linux/ros_ws/install/rpi_arduino:/home/hydrolab-linux/ros_ws/install/my_py_pkg:/home/hydrolab-linux/ros_ws/install/move_robot:/home/hydrolab-linux/ros_ws/install/actions_py:/home/hydrolab-linux/ros_ws/install/lifecycle_py:/home/hydrolab-linux/ros_ws/install/joy_teleop_bridge:/home/hydrolab-linux/ros_ws/install/executors_py:/home/hydrolab-linux/ros_ws/install/components_py:/home/hydrolab-linux/ros_ws/install/bno055:/opt/ros/jazzy DEBUGINFOD_URLS=https://debuginfod.ubuntu.com /usr/bin/cmake /home/hydrolab-linux/ros_ws/src/ros2_wavemakers/drivers/mgate5101_driver -DCMAKE_BUILD_TYPE=RelWithDebInfo -DCMAKE_INSTALL_PREFIX=/home/hydrolab-linux/ros_ws/src/ros2_wavemakers/install_fresh/mgate5101_driver
[0.291s] Invoking command in '/home/hydrolab-linux/ros_ws/src/ros2_wavemakers/build_fresh/mgate5101_driver': CMAKE_PREFIX_PATH=${CMAKE_PREFIX_PATH}:/home/hydrolab-linux/ros_ws/install/turtlesim_gotta_catch_em_all:/home/hydrolab-linux/ros_ws/install/rpi_tests:/home/hydrolab-linux/ros_ws/install/rpi_linmot:/home/hydrolab-linux/ros_ws/install/rpi_arduino:/home/hydrolab-linux/ros_ws/install/my_py_pkg:/home/hydrolab-linux/ros_ws/install/move_robot:/home/hydrolab-linux/ros_ws/install/actions_py:/home/hydrolab-linux/ros_ws/install/lifecycle_py:/home/hydrolab-linux/ros_ws/install/joy_teleop_bridge:/home/hydrolab-linux/ros_ws/install/executors_py:/home/hydrolab-linux/ros_ws/install/components_py:/home/hydrolab-linux/ros_ws/install/bno055:/opt/ros/jazzy DEBUGINFOD_URLS=https://debuginfod.ubuntu.com /usr/bin/cmake --build /home/hydrolab-linux/ros_ws/src/ros2_wavemakers/build_fresh/mgate5101_driver -- -j20 -l20
[0.340s] [ 55%] Built target mgate5101
[0.361s] [ 77%] Built target test_mapping
[0.362s] [100%] Built target mgate_example
[0.373s] Invoked command in '/home/hydrolab-linux/ros_ws/src/ros2_wavemakers/build_fresh/mgate5101_driver' returned '0': CMAKE_PREFIX_PATH=${CMAKE_PREFIX_PATH}:/home/hydrolab-linux/ros_ws/install/turtlesim_gotta_catch_em_all:/home/hydrolab-linux/ros_ws/install/rpi_tests:/home/hydrolab-linux/ros_ws/install/rpi_linmot:/home/hydrolab-linux/ros_ws/install/rpi_arduino:/home/hydrolab-linux/ros_ws/install/my_py_pkg:/home/hydrolab-linux/ros_ws/install/move_robot:/home/hydrolab-linux/ros_ws/install/actions_py:/home/hydrolab-linux/ros_ws/install/lifecycle_py:/home/hydrolab-linux/ros_ws/install/joy_teleop_bridge:/home/hydrolab-linux/ros_ws/install/executors_py:/home/hydrolab-linux/ros_ws/install/components_py:/home/hydrolab-linux/ros_ws/install/bno055:/opt/ros/jazzy DEBUGINFOD_URLS=https://debuginfod.ubuntu.com /usr/bin/cmake --build /home/hydrolab-linux/ros_ws/src/ros2_wavemakers/build_fresh/mgate5101_driver -- -j20 -l20
[0.381s] Invoking command in '/home/hydrolab-linux/ros_ws/src/ros2_wavemakers/build_fresh/mgate5101_driver': CMAKE_PREFIX_PATH=${CMAKE_PREFIX_PATH}:/home/hydrolab-linux/ros_ws/install/turtlesim_gotta_catch_em_all:/home/hydrolab-linux/ros_ws/install/rpi_tests:/home/hydrolab-linux/ros_ws/install/rpi_linmot:/home/hydrolab-linux/ros_ws/install/rpi_arduino:/home/hydrolab-linux/ros_ws/install/my_py_pkg:/home/hydrolab-linux/ros_ws/install/move_robot:/home/hydrolab-linux/ros_ws/install/actions_py:/home/hydrolab-linux/ros_ws/install/lifecycle_py:/home/hydrolab-linux/ros_ws/install/joy_teleop_bridge:/home/hydrolab-linux/ros_ws/install/executors_py:/home/hydrolab-linux/ros_ws/install/components_py:/home/hydrolab-linux/ros_ws/install/bno055:/opt/ros/jazzy DEBUGINFOD_URLS=https://debuginfod.ubuntu.com /usr/bin/cmake --install /home/hydrolab-linux/ros_ws/src/ros2_wavemakers/build_fresh/mgate5101_driver
[0.389s] -- Install configuration: "RelWithDebInfo"
[0.389s] -- Execute custom install script
[0.390s] -- Up-to-date symlink: /home/hydrolab-linux/ros_ws/src/ros2_wavemakers/install_fresh/mgate5101_driver/include/mgate/indradrive.h
[0.390s] -- Up-to-date symlink: /home/hydrolab-linux/ros_ws/src/ros2_wavemakers/install_fresh/mgate5101_driver/include/mgate/mgate_driver.h
[0.390s] -- Up-to-date symlink: /home/hydrolab-linux/ros_ws/src/ros2_wavemakers/install_fresh/mgate5101_driver/include/mgate/modbus_tcp.h
[0.390s] -- Up-to-date symlink: /home/hydrolab-linux/ros_ws/src/ros2_wavemakers/install_fresh/mgate5101_driver/include/mgate/process_image.h
[0.390s] -- Up-to-date symlink: /home/hydrolab-linux/ros_ws/src/ros2_wavemakers/install_fresh/mgate5101_driver/share/mgate5101_driver/resources/profibus_gsd/profibus_gsd/Info_eng.txt
[0.390s] -- Up-to-date symlink: /home/hydrolab-linux/ros_ws/src/ros2_wavemakers/install_fresh/mgate5101_driver/share/mgate5101_driver/resources/profibus_gsd/profibus_gsd/Info_ger.txt
[0.391s] -- Up-to-date symlink: /home/hydrolab-linux/ros_ws/src/ros2_wavemakers/install_fresh/mgate5101_driver/share/mgate5101_driver/resources/profibus_gsd/profibus_gsd/RX010107.gsd
[0.391s] -- Up-to-date symlink: /home/hydrolab-linux/ros_ws/src/ros2_wavemakers/install_fresh/mgate5101_driver/share/mgate5101_driver/resources/profibus_gsd/profibus_gsd/RX020107.gsd
[0.391s] -- Up-to-date symlink: /home/hydrolab-linux/ros_ws/src/ros2_wavemakers/install_fresh/mgate5101_driver/share/mgate5101_driver/resources/profibus_gsd/profibus_gsd/RX030107.gsd
[0.391s] -- Up-to-date symlink: /home/hydrolab-linux/ros_ws/src/ros2_wavemakers/install_fresh/mgate5101_driver/share/mgate5101_driver/resources/profibus_gsd/profibus_gsd/RX_D0107.dib
[0.391s] -- Up-to-date symlink: /home/hydrolab-linux/ros_ws/src/ros2_wavemakers/install_fresh/mgate5101_driver/share/mgate5101_driver/resources/profibus_gsd/profibus_gsd/RX_R0107.dib
[0.391s] -- Up-to-date symlink: /home/hydrolab-linux/ros_ws/src/ros2_wavemakers/install_fresh/mgate5101_driver/share/mgate5101_driver/resources/profibus_gsd/profibus_gsd/RX_S0107.dib
[0.391s] -- Up-to-date symlink: /home/hydrolab-linux/ros_ws/src/ros2_wavemakers/install_fresh/mgate5101_driver/share/mgate5101_driver/environment/library_path.sh
[0.391s] -- Up-to-date symlink: /home/hydrolab-linux/ros_ws/src/ros2_wavemakers/install_fresh/mgate5101_driver/share/mgate5101_driver/environment/library_path.dsv
[0.391s] -- Up-to-date symlink: /home/hydrolab-linux/ros_ws/src/ros2_wavemakers/install_fresh/mgate5101_driver/share/ament_index/resource_index/package_run_dependencies/mgate5101_driver
[0.392s] -- Up-to-date symlink: /home/hydrolab-linux/ros_ws/src/ros2_wavemakers/install_fresh/mgate5101_driver/share/ament_index/resource_index/parent_prefix_path/mgate5101_driver
[0.392s] -- Up-to-date symlink: /home/hydrolab-linux/ros_ws/src/ros2_wavemakers/install_fresh/mgate5101_driver/share/mgate5101_driver/environment/ament_prefix_path.sh
[0.392s] -- Up-to-date symlink: /home/hydrolab-linux/ros_ws/src/ros2_wavemakers/install_fresh/mgate5101_driver/share/mgate5101_driver/environment/ament_prefix_path.dsv
[0.392s] -- Up-to-date symlink: /home/hydrolab-linux/ros_ws/src/ros2_wavemakers/install_fresh/mgate5101_driver/share/mgate5101_driver/environment/path.sh
[0.392s] -- Up-to-date symlink: /home/hydrolab-linux/ros_ws/src/ros2_wavemakers/install_fresh/mgate5101_driver/share/mgate5101_driver/environment/path.dsv
[0.393s] -- Up-to-date symlink: /home/hydrolab-linux/ros_ws/src/ros2_wavemakers/install_fresh/mgate5101_driver/share/mgate5101_driver/local_setup.bash
[0.393s] -- Up-to-date symlink: /home/hydrolab-linux/ros_ws/src/ros2_wavemakers/install_fresh/mgate5101_driver/share/mgate5101_driver/local_setup.sh
[0.393s] -- Up-to-date symlink: /home/hydrolab-linux/ros_ws/src/ros2_wavemakers/install_fresh/mgate5101_driver/share/mgate5101_driver/local_setup.zsh
[0.393s] -- Up-to-date symlink: /home/hydrolab-linux/ros_ws/src/ros2_wavemakers/install_fresh/mgate5101_driver/share/mgate5101_driver/local_setup.dsv
[0.393s] -- Symlinking: /home/hydrolab-linux/ros_ws/src/ros2_wavemakers/install_fresh/mgate5101_driver/share/mgate5101_driver/package.dsv
[0.403s] -- Up-to-date symlink: /home/hydrolab-linux/ros_ws/src/ros2_wavemakers/install_fresh/mgate5101_driver/share/ament_index/resource_index/packages/mgate5101_driver
[0.403s] -- Up-to-date symlink: /home/hydrolab-linux/ros_ws/src/ros2_wavemakers/install_fresh/mgate5101_driver/share/mgate5101_driver/cmake/ament_cmake_export_targets-extras.cmake
[0.403s] -- Up-to-date symlink: /home/hydrolab-linux/ros_ws/src/ros2_wavemakers/install_fresh/mgate5101_driver/share/mgate5101_driver/cmake/ament_cmake_export_include_directories-extras.cmake
[0.403s] -- Up-to-date symlink: /home/hydrolab-linux/ros_ws/src/ros2_wavemakers/install_fresh/mgate5101_driver/share/mgate5101_driver/cmake/mgate5101_driverConfig.cmake
[0.403s] -- Up-to-date symlink: /home/hydrolab-linux/ros_ws/src/ros2_wavemakers/install_fresh/mgate5101_driver/share/mgate5101_driver/cmake/mgate5101_driverConfig-version.cmake
[0.404s] -- Up-to-date symlink: /home/hydrolab-linux/ros_ws/src/ros2_wavemakers/install_fresh/mgate5101_driver/share/mgate5101_driver/package.xml
[0.404s] -- Up-to-date: /home/hydrolab-linux/ros_ws/src/ros2_wavemakers/install_fresh/mgate5101_driver/lib/libmgate5101.a
[0.404s] -- Up-to-date: /home/hydrolab-linux/ros_ws/src/ros2_wavemakers/install_fresh/mgate5101_driver/share/mgate5101_driver/cmake/mgate5101_driverTargetsExport.cmake
[0.404s] -- Up-to-date: /home/hydrolab-linux/ros_ws/src/ros2_wavemakers/install_fresh/mgate5101_driver/share/mgate5101_driver/cmake/mgate5101_driverTargetsExport-relwithdebinfo.cmake
[0.405s] Invoked command in '/home/hydrolab-linux/ros_ws/src/ros2_wavemakers/build_fresh/mgate5101_driver' returned '0': CMAKE_PREFIX_PATH=${CMAKE_PREFIX_PATH}:/home/hydrolab-linux/ros_ws/install/turtlesim_gotta_catch_em_all:/home/hydrolab-linux/ros_ws/install/rpi_tests:/home/hydrolab-linux/ros_ws/install/rpi_linmot:/home/hydrolab-linux/ros_ws/install/rpi_arduino:/home/hydrolab-linux/ros_ws/install/my_py_pkg:/home/hydrolab-linux/ros_ws/install/move_robot:/home/hydrolab-linux/ros_ws/install/actions_py:/home/hydrolab-linux/ros_ws/install/lifecycle_py:/home/hydrolab-linux/ros_ws/install/joy_teleop_bridge:/home/hydrolab-linux/ros_ws/install/executors_py:/home/hydrolab-linux/ros_ws/install/components_py:/home/hydrolab-linux/ros_ws/install/bno055:/opt/ros/jazzy DEBUGINFOD_URLS=https://debuginfod.ubuntu.com /usr/bin/cmake --install /home/hydrolab-linux/ros_ws/src/ros2_wavemakers/build_fresh/mgate5101_driver
