-- The CXX compiler identification is GNU 13.3.0
-- Detecting CXX compiler ABI info
-- Detecting CXX compiler ABI info - done
-- Check for working CXX compiler: /usr/bin/c++ - skipped
-- Detecting CXX compile features
-- Detecting CXX compile features - done
-- Found ament_cmake: 2.5.6 (/opt/ros/jazzy/share/ament_cmake/cmake)
-- Found Python3: /usr/bin/python3 (found version "3.12.3") found components: Interpreter 
-- Override CMake install command with custom implementation using symlinks instead of copying resources
-- Configuring done (0.5s)
-- Generating done (0.0s)
-- Build files have been written to: /home/hydrolab-linux/ros_ws/src/ros2_wavemakers/build_fresh/mgate5101_driver
[ 11%] [32mBuilding CXX object CMakeFiles/mgate5101.dir/src/indradrive.cpp.o[0m
[ 44%] [32mBuilding CXX object CMakeFiles/mgate5101.dir/src/modbus_tcp.cpp.o[0m
[ 44%] [32mBuilding CXX object CMakeFiles/mgate5101.dir/src/mgate_driver.cpp.o[0m
[ 44%] [32mBuilding CXX object CMakeFiles/mgate5101.dir/src/process_image.cpp.o[0m
[ 55%] [32m[1mLinking CXX static library libmgate5101.a[0m
[ 55%] Built target mgate5101
[ 66%] [32mBuilding CXX object CMakeFiles/mgate_example.dir/examples/example_main.cpp.o[0m
[ 77%] [32mBuilding CXX object CMakeFiles/test_mapping.dir/tests/test_mapping.cpp.o[0m
[ 88%] [32m[1mLinking CXX executable test_mapping[0m
[ 88%] Built target test_mapping
[100%] [32m[1mLinking CXX executable mgate_example[0m
[100%] Built target mgate_example
-- Install configuration: "RelWithDebInfo"
-- Execute custom install script
-- Symlinking: /home/hydrolab-linux/ros_ws/src/ros2_wavemakers/install_fresh/mgate5101_driver/include/mgate/indradrive.h
-- Symlinking: /home/hydrolab-linux/ros_ws/src/ros2_wavemakers/install_fresh/mgate5101_driver/include/mgate/mgate_driver.h
-- Symlinking: /home/hydrolab-linux/ros_ws/src/ros2_wavemakers/install_fresh/mgate5101_driver/include/mgate/modbus_tcp.h
-- Symlinking: /home/hydrolab-linux/ros_ws/src/ros2_wavemakers/install_fresh/mgate5101_driver/include/mgate/process_image.h
-- Symlinking: /home/hydrolab-linux/ros_ws/src/ros2_wavemakers/install_fresh/mgate5101_driver/share/mgate5101_driver/resources/profibus_gsd/profibus_gsd/Info_eng.txt
-- Symlinking: /home/hydrolab-linux/ros_ws/src/ros2_wavemakers/install_fresh/mgate5101_driver/share/mgate5101_driver/resources/profibus_gsd/profibus_gsd/Info_ger.txt
-- Symlinking: /home/hydrolab-linux/ros_ws/src/ros2_wavemakers/install_fresh/mgate5101_driver/share/mgate5101_driver/resources/profibus_gsd/profibus_gsd/RX010107.gsd
-- Symlinking: /home/hydrolab-linux/ros_ws/src/ros2_wavemakers/install_fresh/mgate5101_driver/share/mgate5101_driver/resources/profibus_gsd/profibus_gsd/RX020107.gsd
-- Symlinking: /home/hydrolab-linux/ros_ws/src/ros2_wavemakers/install_fresh/mgate5101_driver/share/mgate5101_driver/resources/profibus_gsd/profibus_gsd/RX030107.gsd
-- Symlinking: /home/hydrolab-linux/ros_ws/src/ros2_wavemakers/install_fresh/mgate5101_driver/share/mgate5101_driver/resources/profibus_gsd/profibus_gsd/RX_D0107.dib
-- Symlinking: /home/hydrolab-linux/ros_ws/src/ros2_wavemakers/install_fresh/mgate5101_driver/share/mgate5101_driver/resources/profibus_gsd/profibus_gsd/RX_R0107.dib
-- Symlinking: /home/hydrolab-linux/ros_ws/src/ros2_wavemakers/install_fresh/mgate5101_driver/share/mgate5101_driver/resources/profibus_gsd/profibus_gsd/RX_S0107.dib
-- Symlinking: /home/hydrolab-linux/ros_ws/src/ros2_wavemakers/install_fresh/mgate5101_driver/share/mgate5101_driver/environment/library_path.sh
-- Symlinking: /home/hydrolab-linux/ros_ws/src/ros2_wavemakers/install_fresh/mgate5101_driver/share/mgate5101_driver/environment/library_path.dsv
-- Symlinking: /home/hydrolab-linux/ros_ws/src/ros2_wavemakers/install_fresh/mgate5101_driver/share/ament_index/resource_index/package_run_dependencies/mgate5101_driver
-- Symlinking: /home/hydrolab-linux/ros_ws/src/ros2_wavemakers/install_fresh/mgate5101_driver/share/ament_index/resource_index/parent_prefix_path/mgate5101_driver
-- Symlinking: /home/hydrolab-linux/ros_ws/src/ros2_wavemakers/install_fresh/mgate5101_driver/share/mgate5101_driver/environment/ament_prefix_path.sh
-- Symlinking: /home/hydrolab-linux/ros_ws/src/ros2_wavemakers/install_fresh/mgate5101_driver/share/mgate5101_driver/environment/ament_prefix_path.dsv
-- Symlinking: /home/hydrolab-linux/ros_ws/src/ros2_wavemakers/install_fresh/mgate5101_driver/share/mgate5101_driver/environment/path.sh
-- Symlinking: /home/hydrolab-linux/ros_ws/src/ros2_wavemakers/install_fresh/mgate5101_driver/share/mgate5101_driver/environment/path.dsv
-- Symlinking: /home/hydrolab-linux/ros_ws/src/ros2_wavemakers/install_fresh/mgate5101_driver/share/mgate5101_driver/local_setup.bash
-- Symlinking: /home/hydrolab-linux/ros_ws/src/ros2_wavemakers/install_fresh/mgate5101_driver/share/mgate5101_driver/local_setup.sh
-- Symlinking: /home/hydrolab-linux/ros_ws/src/ros2_wavemakers/install_fresh/mgate5101_driver/share/mgate5101_driver/local_setup.zsh
-- Symlinking: /home/hydrolab-linux/ros_ws/src/ros2_wavemakers/install_fresh/mgate5101_driver/share/mgate5101_driver/local_setup.dsv
-- Symlinking: /home/hydrolab-linux/ros_ws/src/ros2_wavemakers/install_fresh/mgate5101_driver/share/mgate5101_driver/package.dsv
-- Symlinking: /home/hydrolab-linux/ros_ws/src/ros2_wavemakers/install_fresh/mgate5101_driver/share/ament_index/resource_index/packages/mgate5101_driver
-- Symlinking: /home/hydrolab-linux/ros_ws/src/ros2_wavemakers/install_fresh/mgate5101_driver/share/mgate5101_driver/cmake/ament_cmake_export_targets-extras.cmake
-- Symlinking: /home/hydrolab-linux/ros_ws/src/ros2_wavemakers/install_fresh/mgate5101_driver/share/mgate5101_driver/cmake/ament_cmake_export_include_directories-extras.cmake
-- Symlinking: /home/hydrolab-linux/ros_ws/src/ros2_wavemakers/install_fresh/mgate5101_driver/share/mgate5101_driver/cmake/mgate5101_driverConfig.cmake
-- Symlinking: /home/hydrolab-linux/ros_ws/src/ros2_wavemakers/install_fresh/mgate5101_driver/share/mgate5101_driver/cmake/mgate5101_driverConfig-version.cmake
-- Symlinking: /home/hydrolab-linux/ros_ws/src/ros2_wavemakers/install_fresh/mgate5101_driver/share/mgate5101_driver/package.xml
-- Installing: /home/hydrolab-linux/ros_ws/src/ros2_wavemakers/install_fresh/mgate5101_driver/lib/libmgate5101.a
-- Installing: /home/hydrolab-linux/ros_ws/src/ros2_wavemakers/install_fresh/mgate5101_driver/share/mgate5101_driver/cmake/mgate5101_driverTargetsExport.cmake
-- Installing: /home/hydrolab-linux/ros_ws/src/ros2_wavemakers/install_fresh/mgate5101_driver/share/mgate5101_driver/cmake/mgate5101_driverTargetsExport-relwithdebinfo.cmake
