-- Found ament_cmake: 2.5.6 (/opt/ros/jazzy/share/ament_cmake/cmake)
-- Override CMake install command with custom implementation using symlinks instead of copying resources
-- Found lifecycle_msgs: 2.0.4 (/opt/ros/jazzy/share/lifecycle_msgs/cmake)
-- Found rosidl_generator_c: 4.6.9 (/opt/ros/jazzy/share/rosidl_generator_c/cmake)
-- Found rosidl_generator_cpp: 4.6.9 (/opt/ros/jazzy/share/rosidl_generator_cpp/cmake)
-- Using all available rosidl_typesupport_c: rosidl_typesupport_fastrtps_c;rosidl_typesupport_introspection_c
-- Using all available rosidl_typesupport_cpp: rosidl_typesupport_fastrtps_cpp;rosidl_typesupport_introspection_cpp
-- Found rclcpp: 28.1.22 (/opt/ros/jazzy/share/rclcpp/cmake)
-- Found rmw_implementation_cmake: 7.3.3 (/opt/ros/jazzy/share/rmw_implementation_cmake/cmake)
-- Found rmw_cyclonedds_cpp: 2.2.4 (/opt/ros/jazzy/share/rmw_cyclonedds_cpp/cmake)
-- Using RMW implementation 'rmw_cyclonedds_cpp' as default
-- Found rclcpp_lifecycle: 28.1.22 (/opt/ros/jazzy/share/rclcpp_lifecycle/cmake)
-- Found rclcpp_action: 28.1.22 (/opt/ros/jazzy/share/rclcpp_action/cmake)
-- Found wavemaker_interfaces: 0.0.0 (/home/hydrolab-linux/ros_ws/src/ros2_wavemakers/install_fresh/wavemaker_interfaces/share/wavemaker_interfaces/cmake)
-- Found bondcpp: 4.2.0 (/opt/ros/jazzy/share/bondcpp/cmake)
-- Found mgate5101_driver: 0.1.0 (/home/hydrolab-linux/ros_ws/src/ros2_wavemakers/install_fresh/mgate5101_driver/share/mgate5101_driver/cmake)
-- Found ament_cmake_gtest: 2.5.6 (/opt/ros/jazzy/share/ament_cmake_gtest/cmake)
-- Found ament_lint_auto: 0.17.5 (/opt/ros/jazzy/share/ament_lint_auto/cmake)
-- Found gtest sources under '/opt/ros/jazzy/src/gtest_vendor': C++ tests using 'Google Test' will be built
-- Added test 'cppcheck' to perform static code analysis on C / C++ code
-- Configured cppcheck include dirs: /home/hydrolab-linux/ros_ws/src/ros2_wavemakers/wavemaker_controller/src
-- Configured cppcheck exclude dirs and/or files: 
-- Added test 'lint_cmake' to check CMake code style
-- Added test 'uncrustify' to check C / C++ code style
-- Configured uncrustify additional arguments: 
-- Added test 'xmllint' to check XML markup files
-- Configuring done (0.5s)
-- Generating done (0.0s)
-- Build files have been written to: /home/hydrolab-linux/ros_ws/src/ros2_wavemakers/build_fresh/wavemaker_controller
[ 13%] Built target wavemaker_bridge
[ 26%] Built target gtest
[ 40%] Built target gtest_main
[ 46%] [32mBuilding CXX object CMakeFiles/wavemaker_node.dir/src/wavemaker_node.cpp.o[0m
[ 53%] [32mBuilding CXX object CMakeFiles/test_wavemaker_node.dir/test/test_wavemaker_node.cpp.o[0m
[ 73%] Built target test_indradrive_actuator
[ 80%] [32m[1mLinking CXX executable wavemaker_node[0m
[ 86%] Built target wavemaker_node
[ 93%] [32m[1mLinking CXX executable test_wavemaker_node[0m
[100%] Built target test_wavemaker_node
-- Install configuration: "RelWithDebInfo"
-- Execute custom install script
-- Up-to-date symlink: /home/hydrolab-linux/ros_ws/src/ros2_wavemakers/install_fresh/wavemaker_controller/lib/wavemaker_controller/wavemaker_node
-- Up-to-date symlink: /home/hydrolab-linux/ros_ws/src/ros2_wavemakers/install_fresh/wavemaker_controller/lib/wavemaker_controller/wavemaker_bridge
-- Up-to-date symlink: /home/hydrolab-linux/ros_ws/src/ros2_wavemakers/install_fresh/wavemaker_controller/share/ament_index/resource_index/package_run_dependencies/wavemaker_controller
-- Up-to-date symlink: /home/hydrolab-linux/ros_ws/src/ros2_wavemakers/install_fresh/wavemaker_controller/share/ament_index/resource_index/parent_prefix_path/wavemaker_controller
-- Up-to-date symlink: /home/hydrolab-linux/ros_ws/src/ros2_wavemakers/install_fresh/wavemaker_controller/share/wavemaker_controller/environment/ament_prefix_path.sh
-- Up-to-date symlink: /home/hydrolab-linux/ros_ws/src/ros2_wavemakers/install_fresh/wavemaker_controller/share/wavemaker_controller/environment/ament_prefix_path.dsv
-- Up-to-date symlink: /home/hydrolab-linux/ros_ws/src/ros2_wavemakers/install_fresh/wavemaker_controller/share/wavemaker_controller/environment/path.sh
-- Up-to-date symlink: /home/hydrolab-linux/ros_ws/src/ros2_wavemakers/install_fresh/wavemaker_controller/share/wavemaker_controller/environment/path.dsv
-- Up-to-date symlink: /home/hydrolab-linux/ros_ws/src/ros2_wavemakers/install_fresh/wavemaker_controller/share/wavemaker_controller/local_setup.bash
-- Up-to-date symlink: /home/hydrolab-linux/ros_ws/src/ros2_wavemakers/install_fresh/wavemaker_controller/share/wavemaker_controller/local_setup.sh
-- Up-to-date symlink: /home/hydrolab-linux/ros_ws/src/ros2_wavemakers/install_fresh/wavemaker_controller/share/wavemaker_controller/local_setup.zsh
-- Up-to-date symlink: /home/hydrolab-linux/ros_ws/src/ros2_wavemakers/install_fresh/wavemaker_controller/share/wavemaker_controller/local_setup.dsv
-- Symlinking: /home/hydrolab-linux/ros_ws/src/ros2_wavemakers/install_fresh/wavemaker_controller/share/wavemaker_controller/package.dsv
-- Up-to-date symlink: /home/hydrolab-linux/ros_ws/src/ros2_wavemakers/install_fresh/wavemaker_controller/share/ament_index/resource_index/packages/wavemaker_controller
-- Up-to-date symlink: /home/hydrolab-linux/ros_ws/src/ros2_wavemakers/install_fresh/wavemaker_controller/share/wavemaker_controller/cmake/wavemaker_controllerConfig.cmake
-- Up-to-date symlink: /home/hydrolab-linux/ros_ws/src/ros2_wavemakers/install_fresh/wavemaker_controller/share/wavemaker_controller/cmake/wavemaker_controllerConfig-version.cmake
-- Up-to-date symlink: /home/hydrolab-linux/ros_ws/src/ros2_wavemakers/install_fresh/wavemaker_controller/share/wavemaker_controller/package.xml
