-- Found ament_cmake: 2.5.6 (/opt/ros/jazzy/share/ament_cmake/cmake)
-- Override CMake install command with custom implementation using symlinks instead of copying resources
-- Found rosidl_default_generators: 1.6.1 (/opt/ros/jazzy/share/rosidl_default_generators/cmake)
-- Using all available rosidl_typesupport_c: rosidl_typesupport_fastrtps_c;rosidl_typesupport_introspection_c
-- Using all available rosidl_typesupport_cpp: rosidl_typesupport_fastrtps_cpp;rosidl_typesupport_introspection_cpp
-- Found rosidl_adapter: 4.6.9 (/opt/ros/jazzy/share/rosidl_adapter/cmake)
-- Found ament_cmake_ros: 0.12.1 (/opt/ros/jazzy/share/ament_cmake_ros/cmake)
-- Using all available rosidl_typesupport_c: rosidl_typesupport_fastrtps_c;rosidl_typesupport_introspection_c
-- Using all available rosidl_typesupport_cpp: rosidl_typesupport_fastrtps_cpp;rosidl_typesupport_introspection_cpp
-- Found python_cmake_module: 0.11.1 (/opt/ros/jazzy/share/python_cmake_module/cmake)
-- Found Python3: /usr/bin/python3 (found version "3.12.3") found components: Interpreter Development NumPy Development.Module Development.Embed 
-- Found Python3: /usr/bin/python3 (found version "3.12.3") found components: Interpreter 
-- Configuring done (0.8s)
-- Generating done (0.0s)
-- Build files have been written to: /home/hydrolab-linux/ros_ws/src/ros2_wavemakers/build_fresh/wavemaker_interfaces
[  2%] Built target wavemaker_interfaces__rs
[  5%] Built target wavemaker_interfaces__rosidl_generator_type_description
[  5%] Built target ament_cmake_python_symlink_wavemaker_interfaces
[  8%] Built target wavemaker_interfaces__cpp
[ 22%] Built target wavemaker_interfaces__rosidl_generator_c
[ 48%] Built target wavemaker_interfaces__rosidl_typesupport_fastrtps_cpp
[ 48%] Built target wavemaker_interfaces__rosidl_typesupport_c
[ 48%] Built target wavemaker_interfaces__rosidl_typesupport_introspection_cpp
[ 62%] Built target wavemaker_interfaces__rosidl_typesupport_fastrtps_c
[ 65%] Built target wavemaker_interfaces__rosidl_typesupport_introspection_c
[ 74%] Built target wavemaker_interfaces__rosidl_typesupport_cpp
[ 74%] Built target wavemaker_interfaces
[ 77%] Built target wavemaker_interfaces__py
[ 82%] Built target wavemaker_interfaces__rosidl_generator_py
[ 88%] Built target wavemaker_interfaces_s__rosidl_typesupport_introspection_c
[ 94%] Built target wavemaker_interfaces_s__rosidl_typesupport_fastrtps_c
[100%] Built target wavemaker_interfaces_s__rosidl_typesupport_c
running egg_info
writing wavemaker_interfaces.egg-info/PKG-INFO
writing dependency_links to wavemaker_interfaces.egg-info/dependency_links.txt
writing top-level names to wavemaker_interfaces.egg-info/top_level.txt
reading manifest file 'wavemaker_interfaces.egg-info/SOURCES.txt'
writing manifest file 'wavemaker_interfaces.egg-info/SOURCES.txt'
[100%] Built target ament_cmake_python_build_wavemaker_interfaces_egg
-- Install configuration: "RelWithDebInfo"
-- Execute custom install script
-- Up-to-date symlink: /home/hydrolab-linux/ros_ws/src/ros2_wavemakers/install_fresh/wavemaker_interfaces/share/ament_index/resource_index/rosidl_interfaces/wavemaker_interfaces
-- Up-to-date symlink: /home/hydrolab-linux/ros_ws/src/ros2_wavemakers/install_fresh/wavemaker_interfaces/share/wavemaker_interfaces/action/MoveWavemaker.json
-- Up-to-date symlink: /home/hydrolab-linux/ros_ws/src/ros2_wavemakers/install_fresh/wavemaker_interfaces/include/wavemaker_interfaces/wavemaker_interfaces/action/detail/move_wavemaker__functions.h
-- Up-to-date symlink: /home/hydrolab-linux/ros_ws/src/ros2_wavemakers/install_fresh/wavemaker_interfaces/include/wavemaker_interfaces/wavemaker_interfaces/action/detail/move_wavemaker__struct.h
-- Up-to-date symlink: /home/hydrolab-linux/ros_ws/src/ros2_wavemakers/install_fresh/wavemaker_interfaces/include/wavemaker_interfaces/wavemaker_interfaces/action/detail/move_wavemaker__type_support.h
-- Up-to-date symlink: /home/hydrolab-linux/ros_ws/src/ros2_wavemakers/install_fresh/wavemaker_interfaces/include/wavemaker_interfaces/wavemaker_interfaces/action/move_wavemaker.h
-- Up-to-date symlink: /home/hydrolab-linux/ros_ws/src/ros2_wavemakers/install_fresh/wavemaker_interfaces/include/wavemaker_interfaces/wavemaker_interfaces/msg/rosidl_generator_c__visibility_control.h
-- Up-to-date symlink: /home/hydrolab-linux/ros_ws/src/ros2_wavemakers/install_fresh/wavemaker_interfaces/share/wavemaker_interfaces/environment/library_path.sh
-- Up-to-date symlink: /home/hydrolab-linux/ros_ws/src/ros2_wavemakers/install_fresh/wavemaker_interfaces/share/wavemaker_interfaces/environment/library_path.dsv
-- Up-to-date symlink: /home/hydrolab-linux/ros_ws/src/ros2_wavemakers/install_fresh/wavemaker_interfaces/include/wavemaker_interfaces/wavemaker_interfaces/action/detail/move_wavemaker__rosidl_typesupport_fastrtps_c.h
-- Up-to-date symlink: /home/hydrolab-linux/ros_ws/src/ros2_wavemakers/install_fresh/wavemaker_interfaces/include/wavemaker_interfaces/wavemaker_interfaces/msg/rosidl_typesupport_fastrtps_c__visibility_control.h
-- Up-to-date symlink: /home/hydrolab-linux/ros_ws/src/ros2_wavemakers/install_fresh/wavemaker_interfaces/include/wavemaker_interfaces/wavemaker_interfaces/action/detail/move_wavemaker__rosidl_typesupport_introspection_c.h
-- Up-to-date symlink: /home/hydrolab-linux/ros_ws/src/ros2_wavemakers/install_fresh/wavemaker_interfaces/include/wavemaker_interfaces/wavemaker_interfaces/msg/rosidl_typesupport_introspection_c__visibility_control.h
-- Up-to-date symlink: /home/hydrolab-linux/ros_ws/src/ros2_wavemakers/install_fresh/wavemaker_interfaces/include/wavemaker_interfaces/wavemaker_interfaces/action/detail/move_wavemaker__builder.hpp
-- Up-to-date symlink: /home/hydrolab-linux/ros_ws/src/ros2_wavemakers/install_fresh/wavemaker_interfaces/include/wavemaker_interfaces/wavemaker_interfaces/action/detail/move_wavemaker__struct.hpp
-- Up-to-date symlink: /home/hydrolab-linux/ros_ws/src/ros2_wavemakers/install_fresh/wavemaker_interfaces/include/wavemaker_interfaces/wavemaker_interfaces/action/detail/move_wavemaker__traits.hpp
-- Up-to-date symlink: /home/hydrolab-linux/ros_ws/src/ros2_wavemakers/install_fresh/wavemaker_interfaces/include/wavemaker_interfaces/wavemaker_interfaces/action/detail/move_wavemaker__type_support.hpp
-- Up-to-date symlink: /home/hydrolab-linux/ros_ws/src/ros2_wavemakers/install_fresh/wavemaker_interfaces/include/wavemaker_interfaces/wavemaker_interfaces/action/move_wavemaker.hpp
-- Up-to-date symlink: /home/hydrolab-linux/ros_ws/src/ros2_wavemakers/install_fresh/wavemaker_interfaces/include/wavemaker_interfaces/wavemaker_interfaces/msg/rosidl_generator_cpp__visibility_control.hpp
-- Up-to-date symlink: /home/hydrolab-linux/ros_ws/src/ros2_wavemakers/install_fresh/wavemaker_interfaces/include/wavemaker_interfaces/wavemaker_interfaces/action/detail/move_wavemaker__rosidl_typesupport_fastrtps_cpp.hpp
-- Up-to-date symlink: /home/hydrolab-linux/ros_ws/src/ros2_wavemakers/install_fresh/wavemaker_interfaces/include/wavemaker_interfaces/wavemaker_interfaces/msg/rosidl_typesupport_fastrtps_cpp__visibility_control.h
-- Up-to-date symlink: /home/hydrolab-linux/ros_ws/src/ros2_wavemakers/install_fresh/wavemaker_interfaces/include/wavemaker_interfaces/wavemaker_interfaces/action/detail/move_wavemaker__rosidl_typesupport_introspection_cpp.hpp
-- Up-to-date symlink: /home/hydrolab-linux/ros_ws/src/ros2_wavemakers/install_fresh/wavemaker_interfaces/share/wavemaker_interfaces/environment/pythonpath.sh
-- Up-to-date symlink: /home/hydrolab-linux/ros_ws/src/ros2_wavemakers/install_fresh/wavemaker_interfaces/share/wavemaker_interfaces/environment/pythonpath.dsv
-- Up-to-date symlink: /home/hydrolab-linux/ros_ws/src/ros2_wavemakers/install_fresh/wavemaker_interfaces/lib/python3.12/site-packages/wavemaker_interfaces-0.0.0-py3.12.egg-info/PKG-INFO
-- Up-to-date symlink: /home/hydrolab-linux/ros_ws/src/ros2_wavemakers/install_fresh/wavemaker_interfaces/lib/python3.12/site-packages/wavemaker_interfaces-0.0.0-py3.12.egg-info/SOURCES.txt
-- Up-to-date symlink: /home/hydrolab-linux/ros_ws/src/ros2_wavemakers/install_fresh/wavemaker_interfaces/lib/python3.12/site-packages/wavemaker_interfaces-0.0.0-py3.12.egg-info/dependency_links.txt
-- Up-to-date symlink: /home/hydrolab-linux/ros_ws/src/ros2_wavemakers/install_fresh/wavemaker_interfaces/lib/python3.12/site-packages/wavemaker_interfaces-0.0.0-py3.12.egg-info/top_level.txt
-- Up-to-date symlink: /home/hydrolab-linux/ros_ws/src/ros2_wavemakers/install_fresh/wavemaker_interfaces/lib/python3.12/site-packages/wavemaker_interfaces/__init__.py
-- Up-to-date symlink: /home/hydrolab-linux/ros_ws/src/ros2_wavemakers/install_fresh/wavemaker_interfaces/lib/python3.12/site-packages/wavemaker_interfaces/_wavemaker_interfaces_s.ep.rosidl_typesupport_c.c
-- Up-to-date symlink: /home/hydrolab-linux/ros_ws/src/ros2_wavemakers/install_fresh/wavemaker_interfaces/lib/python3.12/site-packages/wavemaker_interfaces/_wavemaker_interfaces_s.ep.rosidl_typesupport_fastrtps_c.c
-- Up-to-date symlink: /home/hydrolab-linux/ros_ws/src/ros2_wavemakers/install_fresh/wavemaker_interfaces/lib/python3.12/site-packages/wavemaker_interfaces/_wavemaker_interfaces_s.ep.rosidl_typesupport_introspection_c.c
-- Up-to-date symlink: /home/hydrolab-linux/ros_ws/src/ros2_wavemakers/install_fresh/wavemaker_interfaces/lib/python3.12/site-packages/wavemaker_interfaces/action/__init__.py
-- Up-to-date symlink: /home/hydrolab-linux/ros_ws/src/ros2_wavemakers/install_fresh/wavemaker_interfaces/lib/python3.12/site-packages/wavemaker_interfaces/action/_move_wavemaker.py
-- Up-to-date symlink: /home/hydrolab-linux/ros_ws/src/ros2_wavemakers/install_fresh/wavemaker_interfaces/lib/python3.12/site-packages/wavemaker_interfaces/action/_move_wavemaker_s.c
-- Up-to-date symlink: /home/hydrolab-linux/ros_ws/src/ros2_wavemakers/install_fresh/wavemaker_interfaces/lib/python3.12/site-packages/wavemaker_interfaces/wavemaker_interfaces_s__rosidl_typesupport_c.so
-- Up-to-date symlink: /home/hydrolab-linux/ros_ws/src/ros2_wavemakers/install_fresh/wavemaker_interfaces/lib/python3.12/site-packages/wavemaker_interfaces/wavemaker_interfaces_s__rosidl_typesupport_fastrtps_c.so
-- Up-to-date symlink: /home/hydrolab-linux/ros_ws/src/ros2_wavemakers/install_fresh/wavemaker_interfaces/lib/python3.12/site-packages/wavemaker_interfaces/wavemaker_interfaces_s__rosidl_typesupport_introspection_c.so
-- Up-to-date symlink: /home/hydrolab-linux/ros_ws/src/ros2_wavemakers/install_fresh/wavemaker_interfaces/lib/python3.12/site-packages/wavemaker_interfaces/wavemaker_interfaces_s__rosidl_typesupport_fastrtps_c.so
-- Up-to-date symlink: /home/hydrolab-linux/ros_ws/src/ros2_wavemakers/install_fresh/wavemaker_interfaces/lib/python3.12/site-packages/wavemaker_interfaces/wavemaker_interfaces_s__rosidl_typesupport_introspection_c.so
-- Up-to-date symlink: /home/hydrolab-linux/ros_ws/src/ros2_wavemakers/install_fresh/wavemaker_interfaces/lib/python3.12/site-packages/wavemaker_interfaces/wavemaker_interfaces_s__rosidl_typesupport_c.so
-- Up-to-date symlink: /home/hydrolab-linux/ros_ws/src/ros2_wavemakers/install_fresh/wavemaker_interfaces/share/wavemaker_interfaces/rust/Cargo.toml
-- Up-to-date symlink: /home/hydrolab-linux/ros_ws/src/ros2_wavemakers/install_fresh/wavemaker_interfaces/share/wavemaker_interfaces/rust/build.rs
-- Up-to-date symlink: /home/hydrolab-linux/ros_ws/src/ros2_wavemakers/install_fresh/wavemaker_interfaces/share/wavemaker_interfaces/rust/src/action.rs
-- Up-to-date symlink: /home/hydrolab-linux/ros_ws/src/ros2_wavemakers/install_fresh/wavemaker_interfaces/share/wavemaker_interfaces/rust/src/action/rmw.rs
-- Up-to-date symlink: /home/hydrolab-linux/ros_ws/src/ros2_wavemakers/install_fresh/wavemaker_interfaces/share/wavemaker_interfaces/rust/src/lib.rs
-- Up-to-date symlink: /home/hydrolab-linux/ros_ws/src/ros2_wavemakers/install_fresh/wavemaker_interfaces/share/wavemaker_interfaces/action/MoveWavemaker.idl
-- Up-to-date symlink: /home/hydrolab-linux/ros_ws/src/ros2_wavemakers/install_fresh/wavemaker_interfaces/share/wavemaker_interfaces/action/MoveWavemaker.action
-- Up-to-date symlink: /home/hydrolab-linux/ros_ws/src/ros2_wavemakers/install_fresh/wavemaker_interfaces/share/ament_index/resource_index/package_run_dependencies/wavemaker_interfaces
-- Up-to-date symlink: /home/hydrolab-linux/ros_ws/src/ros2_wavemakers/install_fresh/wavemaker_interfaces/share/ament_index/resource_index/parent_prefix_path/wavemaker_interfaces
-- Up-to-date symlink: /home/hydrolab-linux/ros_ws/src/ros2_wavemakers/install_fresh/wavemaker_interfaces/share/wavemaker_interfaces/environment/ament_prefix_path.sh
-- Up-to-date symlink: /home/hydrolab-linux/ros_ws/src/ros2_wavemakers/install_fresh/wavemaker_interfaces/share/wavemaker_interfaces/environment/ament_prefix_path.dsv
-- Up-to-date symlink: /home/hydrolab-linux/ros_ws/src/ros2_wavemakers/install_fresh/wavemaker_interfaces/share/wavemaker_interfaces/environment/path.sh
-- Up-to-date symlink: /home/hydrolab-linux/ros_ws/src/ros2_wavemakers/install_fresh/wavemaker_interfaces/share/wavemaker_interfaces/environment/path.dsv
-- Up-to-date symlink: /home/hydrolab-linux/ros_ws/src/ros2_wavemakers/install_fresh/wavemaker_interfaces/share/wavemaker_interfaces/local_setup.bash
-- Up-to-date symlink: /home/hydrolab-linux/ros_ws/src/ros2_wavemakers/install_fresh/wavemaker_interfaces/share/wavemaker_interfaces/local_setup.sh
-- Up-to-date symlink: /home/hydrolab-linux/ros_ws/src/ros2_wavemakers/install_fresh/wavemaker_interfaces/share/wavemaker_interfaces/local_setup.zsh
-- Up-to-date symlink: /home/hydrolab-linux/ros_ws/src/ros2_wavemakers/install_fresh/wavemaker_interfaces/share/wavemaker_interfaces/local_setup.dsv
-- Symlinking: /home/hydrolab-linux/ros_ws/src/ros2_wavemakers/install_fresh/wavemaker_interfaces/share/wavemaker_interfaces/package.dsv
-- Up-to-date symlink: /home/hydrolab-linux/ros_ws/src/ros2_wavemakers/install_fresh/wavemaker_interfaces/share/ament_index/resource_index/packages/wavemaker_interfaces
-- Up-to-date symlink: /home/hydrolab-linux/ros_ws/src/ros2_wavemakers/install_fresh/wavemaker_interfaces/share/wavemaker_interfaces/cmake/rosidl_cmake-extras.cmake
-- Up-to-date symlink: /home/hydrolab-linux/ros_ws/src/ros2_wavemakers/install_fresh/wavemaker_interfaces/share/wavemaker_interfaces/cmake/ament_cmake_export_dependencies-extras.cmake
-- Up-to-date symlink: /home/hydrolab-linux/ros_ws/src/ros2_wavemakers/install_fresh/wavemaker_interfaces/share/wavemaker_interfaces/cmake/ament_cmake_export_include_directories-extras.cmake
-- Up-to-date symlink: /home/hydrolab-linux/ros_ws/src/ros2_wavemakers/install_fresh/wavemaker_interfaces/share/wavemaker_interfaces/cmake/ament_cmake_export_libraries-extras.cmake
-- Up-to-date symlink: /home/hydrolab-linux/ros_ws/src/ros2_wavemakers/install_fresh/wavemaker_interfaces/share/wavemaker_interfaces/cmake/ament_cmake_export_targets-extras.cmake
-- Up-to-date symlink: /home/hydrolab-linux/ros_ws/src/ros2_wavemakers/install_fresh/wavemaker_interfaces/share/wavemaker_interfaces/cmake/rosidl_cmake_export_typesupport_targets-extras.cmake
-- Up-to-date symlink: /home/hydrolab-linux/ros_ws/src/ros2_wavemakers/install_fresh/wavemaker_interfaces/share/wavemaker_interfaces/cmake/rosidl_cmake_export_typesupport_libraries-extras.cmake
-- Up-to-date symlink: /home/hydrolab-linux/ros_ws/src/ros2_wavemakers/install_fresh/wavemaker_interfaces/share/wavemaker_interfaces/cmake/rosidl_cmake_aggregate_target-extras.cmake
-- Up-to-date symlink: /home/hydrolab-linux/ros_ws/src/ros2_wavemakers/install_fresh/wavemaker_interfaces/share/wavemaker_interfaces/cmake/wavemaker_interfacesConfig.cmake
-- Up-to-date symlink: /home/hydrolab-linux/ros_ws/src/ros2_wavemakers/install_fresh/wavemaker_interfaces/share/wavemaker_interfaces/cmake/wavemaker_interfacesConfig-version.cmake
-- Up-to-date symlink: /home/hydrolab-linux/ros_ws/src/ros2_wavemakers/install_fresh/wavemaker_interfaces/share/wavemaker_interfaces/package.xml
-- Up-to-date: /home/hydrolab-linux/ros_ws/src/ros2_wavemakers/install_fresh/wavemaker_interfaces/lib/libwavemaker_interfaces__rosidl_generator_c.so
-- Up-to-date: /home/hydrolab-linux/ros_ws/src/ros2_wavemakers/install_fresh/wavemaker_interfaces/lib/libwavemaker_interfaces__rosidl_typesupport_fastrtps_c.so
-- Up-to-date: /home/hydrolab-linux/ros_ws/src/ros2_wavemakers/install_fresh/wavemaker_interfaces/lib/libwavemaker_interfaces__rosidl_typesupport_introspection_c.so
-- Up-to-date: /home/hydrolab-linux/ros_ws/src/ros2_wavemakers/install_fresh/wavemaker_interfaces/lib/libwavemaker_interfaces__rosidl_typesupport_c.so
-- Up-to-date: /home/hydrolab-linux/ros_ws/src/ros2_wavemakers/install_fresh/wavemaker_interfaces/lib/libwavemaker_interfaces__rosidl_typesupport_fastrtps_cpp.so
-- Up-to-date: /home/hydrolab-linux/ros_ws/src/ros2_wavemakers/install_fresh/wavemaker_interfaces/lib/libwavemaker_interfaces__rosidl_typesupport_introspection_cpp.so
-- Up-to-date: /home/hydrolab-linux/ros_ws/src/ros2_wavemakers/install_fresh/wavemaker_interfaces/lib/libwavemaker_interfaces__rosidl_typesupport_cpp.so
Listing '/home/hydrolab-linux/ros_ws/src/ros2_wavemakers/install_fresh/wavemaker_interfaces/lib/python3.12/site-packages/wavemaker_interfaces'...
Compiling '/home/hydrolab-linux/ros_ws/src/ros2_wavemakers/install_fresh/wavemaker_interfaces/lib/python3.12/site-packages/wavemaker_interfaces/__init__.py'...
Listing '/home/hydrolab-linux/ros_ws/src/ros2_wavemakers/install_fresh/wavemaker_interfaces/lib/python3.12/site-packages/wavemaker_interfaces/action'...
-- Up-to-date: /home/hydrolab-linux/ros_ws/src/ros2_wavemakers/install_fresh/wavemaker_interfaces/lib/libwavemaker_interfaces__rosidl_generator_py.so
-- Up-to-date: /home/hydrolab-linux/ros_ws/src/ros2_wavemakers/install_fresh/wavemaker_interfaces/share/wavemaker_interfaces/cmake/export_wavemaker_interfaces__rosidl_generator_cExport.cmake
-- Up-to-date: /home/hydrolab-linux/ros_ws/src/ros2_wavemakers/install_fresh/wavemaker_interfaces/share/wavemaker_interfaces/cmake/export_wavemaker_interfaces__rosidl_generator_cExport-relwithdebinfo.cmake
-- Up-to-date: /home/hydrolab-linux/ros_ws/src/ros2_wavemakers/install_fresh/wavemaker_interfaces/share/wavemaker_interfaces/cmake/export_wavemaker_interfaces__rosidl_typesupport_fastrtps_cExport.cmake
-- Up-to-date: /home/hydrolab-linux/ros_ws/src/ros2_wavemakers/install_fresh/wavemaker_interfaces/share/wavemaker_interfaces/cmake/export_wavemaker_interfaces__rosidl_typesupport_fastrtps_cExport-relwithdebinfo.cmake
-- Up-to-date: /home/hydrolab-linux/ros_ws/src/ros2_wavemakers/install_fresh/wavemaker_interfaces/share/wavemaker_interfaces/cmake/wavemaker_interfaces__rosidl_typesupport_introspection_cExport.cmake
-- Up-to-date: /home/hydrolab-linux/ros_ws/src/ros2_wavemakers/install_fresh/wavemaker_interfaces/share/wavemaker_interfaces/cmake/wavemaker_interfaces__rosidl_typesupport_introspection_cExport-relwithdebinfo.cmake
-- Up-to-date: /home/hydrolab-linux/ros_ws/src/ros2_wavemakers/install_fresh/wavemaker_interfaces/share/wavemaker_interfaces/cmake/wavemaker_interfaces__rosidl_typesupport_cExport.cmake
-- Up-to-date: /home/hydrolab-linux/ros_ws/src/ros2_wavemakers/install_fresh/wavemaker_interfaces/share/wavemaker_interfaces/cmake/wavemaker_interfaces__rosidl_typesupport_cExport-relwithdebinfo.cmake
-- Up-to-date: /home/hydrolab-linux/ros_ws/src/ros2_wavemakers/install_fresh/wavemaker_interfaces/share/wavemaker_interfaces/cmake/export_wavemaker_interfaces__rosidl_generator_cppExport.cmake
-- Up-to-date: /home/hydrolab-linux/ros_ws/src/ros2_wavemakers/install_fresh/wavemaker_interfaces/share/wavemaker_interfaces/cmake/export_wavemaker_interfaces__rosidl_typesupport_fastrtps_cppExport.cmake
-- Up-to-date: /home/hydrolab-linux/ros_ws/src/ros2_wavemakers/install_fresh/wavemaker_interfaces/share/wavemaker_interfaces/cmake/export_wavemaker_interfaces__rosidl_typesupport_fastrtps_cppExport-relwithdebinfo.cmake
-- Up-to-date: /home/hydrolab-linux/ros_ws/src/ros2_wavemakers/install_fresh/wavemaker_interfaces/share/wavemaker_interfaces/cmake/wavemaker_interfaces__rosidl_typesupport_introspection_cppExport.cmake
-- Up-to-date: /home/hydrolab-linux/ros_ws/src/ros2_wavemakers/install_fresh/wavemaker_interfaces/share/wavemaker_interfaces/cmake/wavemaker_interfaces__rosidl_typesupport_introspection_cppExport-relwithdebinfo.cmake
-- Up-to-date: /home/hydrolab-linux/ros_ws/src/ros2_wavemakers/install_fresh/wavemaker_interfaces/share/wavemaker_interfaces/cmake/wavemaker_interfaces__rosidl_typesupport_cppExport.cmake
-- Up-to-date: /home/hydrolab-linux/ros_ws/src/ros2_wavemakers/install_fresh/wavemaker_interfaces/share/wavemaker_interfaces/cmake/wavemaker_interfaces__rosidl_typesupport_cppExport-relwithdebinfo.cmake
-- Up-to-date: /home/hydrolab-linux/ros_ws/src/ros2_wavemakers/install_fresh/wavemaker_interfaces/share/wavemaker_interfaces/cmake/export_wavemaker_interfaces__rosidl_generator_pyExport.cmake
-- Up-to-date: /home/hydrolab-linux/ros_ws/src/ros2_wavemakers/install_fresh/wavemaker_interfaces/share/wavemaker_interfaces/cmake/export_wavemaker_interfaces__rosidl_generator_pyExport-relwithdebinfo.cmake
