[0.009s] Invoking command in '/home/hydrolab-linux/ros_ws/src/ros2_wavemakers/build_fresh/wavemaker_interfaces': CMAKE_PREFIX_PATH=${CMAKE_PREFIX_PATH}:/home/hydrolab-linux/ros_ws/install/turtlesim_gotta_catch_em_all:/home/hydrolab-linux/ros_ws/install/rpi_tests:/home/hydrolab-linux/ros_ws/install/rpi_linmot:/home/hydrolab-linux/ros_ws/install/rpi_arduino:/home/hydrolab-linux/ros_ws/install/my_py_pkg:/home/hydrolab-linux/ros_ws/install/move_robot:/home/hydrolab-linux/ros_ws/install/actions_py:/home/hydrolab-linux/ros_ws/install/lifecycle_py:/home/hydrolab-linux/ros_ws/install/joy_teleop_bridge:/home/hydrolab-linux/ros_ws/install/executors_py:/home/hydrolab-linux/ros_ws/install/components_py:/home/hydrolab-linux/ros_ws/install/bno055:/opt/ros/jazzy DEBUGINFOD_URLS=https://debuginfod.ubuntu.com /usr/bin/cmake /home/hydrolab-linux/ros_ws/src/ros2_wavemakers/wavemaker_interfaces -DCMAKE_BUILD_TYPE=RelWithDebInfo -DCMAKE_INSTALL_PREFIX=/home/hydrolab-linux/ros_ws/src/ros2_wavemakers/install_fresh/wavemaker_interfaces
[0.016s] -- Found ament_cmake: 2.5.6 (/opt/ros/jazzy/share/ament_cmake/cmake)
[0.096s] -- Override CMake install command with custom implementation using symlinks instead of copying resources
[0.100s] -- Found rosidl_default_generators: 1.6.1 (/opt/ros/jazzy/share/rosidl_default_generators/cmake)
[0.105s] -- Using all available rosidl_typesupport_c: rosidl_typesupport_fastrtps_c;rosidl_typesupport_introspection_c
[0.128s] -- Using all available rosidl_typesupport_cpp: rosidl_typesupport_fastrtps_cpp;rosidl_typesupport_introspection_cpp
[0.146s] -- Found rosidl_adapter: 4.6.9 (/opt/ros/jazzy/share/rosidl_adapter/cmake)
[0.393s] -- Found ament_cmake_ros: 0.12.1 (/opt/ros/jazzy/share/ament_cmake_ros/cmake)
[0.489s] -- Using all available rosidl_typesupport_c: rosidl_typesupport_fastrtps_c;rosidl_typesupport_introspection_c
[0.589s] -- Using all available rosidl_typesupport_cpp: rosidl_typesupport_fastrtps_cpp;rosidl_typesupport_introspection_cpp
[0.590s] -- Found python_cmake_module: 0.11.1 (/opt/ros/jazzy/share/python_cmake_module/cmake)
[0.785s] -- Found Python3: /usr/bin/python3 (found version "3.12.3") found components: Interpreter Development NumPy Development.Module Development.Embed 
[0.834s] -- Found Python3: /usr/bin/python3 (found version "3.12.3") found components: Interpreter 
[0.844s] -- Configuring done (0.8s)
[0.868s] -- Generating done (0.0s)
[0.877s] -- Build files have been written to: /home/hydrolab-linux/ros_ws/src/ros2_wavemakers/build_fresh/wavemaker_interfaces
[0.884s] Invoked command in '/home/hydrolab-linux/ros_ws/src/ros2_wavemakers/build_fresh/wavemaker_interfaces' returned '0': CMAKE_PREFIX_PATH=${CMAKE_PREFIX_PATH}:/home/hydrolab-linux/ros_ws/install/turtlesim_gotta_catch_em_all:/home/hydrolab-linux/ros_ws/install/rpi_tests:/home/hydrolab-linux/ros_ws/install/rpi_linmot:/home/hydrolab-linux/ros_ws/install/rpi_arduino:/home/hydrolab-linux/ros_ws/install/my_py_pkg:/home/hydrolab-linux/ros_ws/install/move_robot:/home/hydrolab-linux/ros_ws/install/actions_py:/home/hydrolab-linux/ros_ws/install/lifecycle_py:/home/hydrolab-linux/ros_ws/install/joy_teleop_bridge:/home/hydrolab-linux/ros_ws/install/executors_py:/home/hydrolab-linux/ros_ws/install/components_py:/home/hydrolab-linux/ros_ws/install/bno055:/opt/ros/jazzy DEBUGINFOD_URLS=https://debuginfod.ubuntu.com /usr/bin/cmake /home/hydrolab-linux/ros_ws/src/ros2_wavemakers/wavemaker_interfaces -DCMAKE_BUILD_TYPE=RelWithDebInfo -DCMAKE_INSTALL_PREFIX=/home/hydrolab-linux/ros_ws/src/ros2_wavemakers/install_fresh/wavemaker_interfaces
[0.884s] Invoking command in '/home/hydrolab-linux/ros_ws/src/ros2_wavemakers/build_fresh/wavemaker_interfaces': CMAKE_PREFIX_PATH=${CMAKE_PREFIX_PATH}:/home/hydrolab-linux/ros_ws/install/turtlesim_gotta_catch_em_all:/home/hydrolab-linux/ros_ws/install/rpi_tests:/home/hydrolab-linux/ros_ws/install/rpi_linmot:/home/hydrolab-linux/ros_ws/install/rpi_arduino:/home/hydrolab-linux/ros_ws/install/my_py_pkg:/home/hydrolab-linux/ros_ws/install/move_robot:/home/hydrolab-linux/ros_ws/install/actions_py:/home/hydrolab-linux/ros_ws/install/lifecycle_py:/home/hydrolab-linux/ros_ws/install/joy_teleop_bridge:/home/hydrolab-linux/ros_ws/install/executors_py:/home/hydrolab-linux/ros_ws/install/components_py:/home/hydrolab-linux/ros_ws/install/bno055:/opt/ros/jazzy DEBUGINFOD_URLS=https://debuginfod.ubuntu.com /usr/bin/cmake --build /home/hydrolab-linux/ros_ws/src/ros2_wavemakers/build_fresh/wavemaker_interfaces -- -j20 -l20
[0.930s] [  2%] Built target wavemaker_interfaces__rs
[0.930s] [  5%] Built target wavemaker_interfaces__rosidl_generator_type_description
[0.938s] [  5%] Built target ament_cmake_python_symlink_wavemaker_interfaces
[0.948s] [  8%] Built target wavemaker_interfaces__cpp
[0.950s] [ 22%] Built target wavemaker_interfaces__rosidl_generator_c
[0.969s] [ 48%] Built target wavemaker_interfaces__rosidl_typesupport_fastrtps_cpp
[0.969s] [ 48%] Built target wavemaker_interfaces__rosidl_typesupport_c
[0.969s] [ 48%] Built target wavemaker_interfaces__rosidl_typesupport_introspection_cpp
[0.973s] [ 62%] Built target wavemaker_interfaces__rosidl_typesupport_fastrtps_c
[0.973s] [ 65%] Built target wavemaker_interfaces__rosidl_typesupport_introspection_c
[0.973s] [ 74%] Built target wavemaker_interfaces__rosidl_typesupport_cpp
[0.995s] [ 74%] Built target wavemaker_interfaces
[1.014s] [ 77%] Built target wavemaker_interfaces__py
[1.040s] [ 82%] Built target wavemaker_interfaces__rosidl_generator_py
[1.062s] [ 88%] Built target wavemaker_interfaces_s__rosidl_typesupport_introspection_c
[1.064s] [ 94%] Built target wavemaker_interfaces_s__rosidl_typesupport_fastrtps_c
[1.064s] [100%] Built target wavemaker_interfaces_s__rosidl_typesupport_c
[1.114s] running egg_info
[1.128s] writing wavemaker_interfaces.egg-info/PKG-INFO
[1.128s] writing dependency_links to wavemaker_interfaces.egg-info/dependency_links.txt
[1.129s] writing top-level names to wavemaker_interfaces.egg-info/top_level.txt
[1.167s] reading manifest file 'wavemaker_interfaces.egg-info/SOURCES.txt'
[1.167s] writing manifest file 'wavemaker_interfaces.egg-info/SOURCES.txt'
[1.189s] [100%] Built target ament_cmake_python_build_wavemaker_interfaces_egg
[1.197s] Invoked command in '/home/hydrolab-linux/ros_ws/src/ros2_wavemakers/build_fresh/wavemaker_interfaces' returned '0': CMAKE_PREFIX_PATH=${CMAKE_PREFIX_PATH}:/home/hydrolab-linux/ros_ws/install/turtlesim_gotta_catch_em_all:/home/hydrolab-linux/ros_ws/install/rpi_tests:/home/hydrolab-linux/ros_ws/install/rpi_linmot:/home/hydrolab-linux/ros_ws/install/rpi_arduino:/home/hydrolab-linux/ros_ws/install/my_py_pkg:/home/hydrolab-linux/ros_ws/install/move_robot:/home/hydrolab-linux/ros_ws/install/actions_py:/home/hydrolab-linux/ros_ws/install/lifecycle_py:/home/hydrolab-linux/ros_ws/install/joy_teleop_bridge:/home/hydrolab-linux/ros_ws/install/executors_py:/home/hydrolab-linux/ros_ws/install/components_py:/home/hydrolab-linux/ros_ws/install/bno055:/opt/ros/jazzy DEBUGINFOD_URLS=https://debuginfod.ubuntu.com /usr/bin/cmake --build /home/hydrolab-linux/ros_ws/src/ros2_wavemakers/build_fresh/wavemaker_interfaces -- -j20 -l20
[1.199s] Invoking command in '/home/hydrolab-linux/ros_ws/src/ros2_wavemakers/build_fresh/wavemaker_interfaces': CMAKE_PREFIX_PATH=${CMAKE_PREFIX_PATH}:/home/hydrolab-linux/ros_ws/install/turtlesim_gotta_catch_em_all:/home/hydrolab-linux/ros_ws/install/rpi_tests:/home/hydrolab-linux/ros_ws/install/rpi_linmot:/home/hydrolab-linux/ros_ws/install/rpi_arduino:/home/hydrolab-linux/ros_ws/install/my_py_pkg:/home/hydrolab-linux/ros_ws/install/move_robot:/home/hydrolab-linux/ros_ws/install/actions_py:/home/hydrolab-linux/ros_ws/install/lifecycle_py:/home/hydrolab-linux/ros_ws/install/joy_teleop_bridge:/home/hydrolab-linux/ros_ws/install/executors_py:/home/hydrolab-linux/ros_ws/install/components_py:/home/hydrolab-linux/ros_ws/install/bno055:/opt/ros/jazzy DEBUGINFOD_URLS=https://debuginfod.ubuntu.com /usr/bin/cmake --install /home/hydrolab-linux/ros_ws/src/ros2_wavemakers/build_fresh/wavemaker_interfaces
[1.205s] -- Install configuration: "RelWithDebInfo"
[1.206s] -- Execute custom install script
[1.206s] -- Up-to-date symlink: /home/hydrolab-linux/ros_ws/src/ros2_wavemakers/install_fresh/wavemaker_interfaces/share/ament_index/resource_index/rosidl_interfaces/wavemaker_interfaces
[1.206s] -- Up-to-date symlink: /home/hydrolab-linux/ros_ws/src/ros2_wavemakers/install_fresh/wavemaker_interfaces/share/wavemaker_interfaces/action/MoveWavemaker.json
[1.207s] -- Up-to-date symlink: /home/hydrolab-linux/ros_ws/src/ros2_wavemakers/install_fresh/wavemaker_interfaces/include/wavemaker_interfaces/wavemaker_interfaces/action/detail/move_wavemaker__functions.h
[1.207s] -- Up-to-date symlink: /home/hydrolab-linux/ros_ws/src/ros2_wavemakers/install_fresh/wavemaker_interfaces/include/wavemaker_interfaces/wavemaker_interfaces/action/detail/move_wavemaker__struct.h
[1.207s] -- Up-to-date symlink: /home/hydrolab-linux/ros_ws/src/ros2_wavemakers/install_fresh/wavemaker_interfaces/include/wavemaker_interfaces/wavemaker_interfaces/action/detail/move_wavemaker__type_support.h
[1.207s] -- Up-to-date symlink: /home/hydrolab-linux/ros_ws/src/ros2_wavemakers/install_fresh/wavemaker_interfaces/include/wavemaker_interfaces/wavemaker_interfaces/action/move_wavemaker.h
[1.207s] -- Up-to-date symlink: /home/hydrolab-linux/ros_ws/src/ros2_wavemakers/install_fresh/wavemaker_interfaces/include/wavemaker_interfaces/wavemaker_interfaces/msg/rosidl_generator_c__visibility_control.h
[1.207s] -- Up-to-date symlink: /home/hydrolab-linux/ros_ws/src/ros2_wavemakers/install_fresh/wavemaker_interfaces/share/wavemaker_interfaces/environment/library_path.sh
[1.207s] -- Up-to-date symlink: /home/hydrolab-linux/ros_ws/src/ros2_wavemakers/install_fresh/wavemaker_interfaces/share/wavemaker_interfaces/environment/library_path.dsv
[1.208s] -- Up-to-date symlink: /home/hydrolab-linux/ros_ws/src/ros2_wavemakers/install_fresh/wavemaker_interfaces/include/wavemaker_interfaces/wavemaker_interfaces/action/detail/move_wavemaker__rosidl_typesupport_fastrtps_c.h
[1.208s] -- Up-to-date symlink: /home/hydrolab-linux/ros_ws/src/ros2_wavemakers/install_fresh/wavemaker_interfaces/include/wavemaker_interfaces/wavemaker_interfaces/msg/rosidl_typesupport_fastrtps_c__visibility_control.h
[1.208s] -- Up-to-date symlink: /home/hydrolab-linux/ros_ws/src/ros2_wavemakers/install_fresh/wavemaker_interfaces/include/wavemaker_interfaces/wavemaker_interfaces/action/detail/move_wavemaker__rosidl_typesupport_introspection_c.h
[1.208s] -- Up-to-date symlink: /home/hydrolab-linux/ros_ws/src/ros2_wavemakers/install_fresh/wavemaker_interfaces/include/wavemaker_interfaces/wavemaker_interfaces/msg/rosidl_typesupport_introspection_c__visibility_control.h
[1.208s] -- Up-to-date symlink: /home/hydrolab-linux/ros_ws/src/ros2_wavemakers/install_fresh/wavemaker_interfaces/include/wavemaker_interfaces/wavemaker_interfaces/action/detail/move_wavemaker__builder.hpp
[1.208s] -- Up-to-date symlink: /home/hydrolab-linux/ros_ws/src/ros2_wavemakers/install_fresh/wavemaker_interfaces/include/wavemaker_interfaces/wavemaker_interfaces/action/detail/move_wavemaker__struct.hpp
[1.209s] -- Up-to-date symlink: /home/hydrolab-linux/ros_ws/src/ros2_wavemakers/install_fresh/wavemaker_interfaces/include/wavemaker_interfaces/wavemaker_interfaces/action/detail/move_wavemaker__traits.hpp
[1.209s] -- Up-to-date symlink: /home/hydrolab-linux/ros_ws/src/ros2_wavemakers/install_fresh/wavemaker_interfaces/include/wavemaker_interfaces/wavemaker_interfaces/action/detail/move_wavemaker__type_support.hpp
[1.209s] -- Up-to-date symlink: /home/hydrolab-linux/ros_ws/src/ros2_wavemakers/install_fresh/wavemaker_interfaces/include/wavemaker_interfaces/wavemaker_interfaces/action/move_wavemaker.hpp
[1.209s] -- Up-to-date symlink: /home/hydrolab-linux/ros_ws/src/ros2_wavemakers/install_fresh/wavemaker_interfaces/include/wavemaker_interfaces/wavemaker_interfaces/msg/rosidl_generator_cpp__visibility_control.hpp
[1.209s] -- Up-to-date symlink: /home/hydrolab-linux/ros_ws/src/ros2_wavemakers/install_fresh/wavemaker_interfaces/include/wavemaker_interfaces/wavemaker_interfaces/action/detail/move_wavemaker__rosidl_typesupport_fastrtps_cpp.hpp
[1.209s] -- Up-to-date symlink: /home/hydrolab-linux/ros_ws/src/ros2_wavemakers/install_fresh/wavemaker_interfaces/include/wavemaker_interfaces/wavemaker_interfaces/msg/rosidl_typesupport_fastrtps_cpp__visibility_control.h
[1.209s] -- Up-to-date symlink: /home/hydrolab-linux/ros_ws/src/ros2_wavemakers/install_fresh/wavemaker_interfaces/include/wavemaker_interfaces/wavemaker_interfaces/action/detail/move_wavemaker__rosidl_typesupport_introspection_cpp.hpp
[1.210s] -- Up-to-date symlink: /home/hydrolab-linux/ros_ws/src/ros2_wavemakers/install_fresh/wavemaker_interfaces/share/wavemaker_interfaces/environment/pythonpath.sh
[1.210s] -- Up-to-date symlink: /home/hydrolab-linux/ros_ws/src/ros2_wavemakers/install_fresh/wavemaker_interfaces/share/wavemaker_interfaces/environment/pythonpath.dsv
[1.210s] -- Up-to-date symlink: /home/hydrolab-linux/ros_ws/src/ros2_wavemakers/install_fresh/wavemaker_interfaces/lib/python3.12/site-packages/wavemaker_interfaces-0.0.0-py3.12.egg-info/PKG-INFO
[1.210s] -- Up-to-date symlink: /home/hydrolab-linux/ros_ws/src/ros2_wavemakers/install_fresh/wavemaker_interfaces/lib/python3.12/site-packages/wavemaker_interfaces-0.0.0-py3.12.egg-info/SOURCES.txt
[1.210s] -- Up-to-date symlink: /home/hydrolab-linux/ros_ws/src/ros2_wavemakers/install_fresh/wavemaker_interfaces/lib/python3.12/site-packages/wavemaker_interfaces-0.0.0-py3.12.egg-info/dependency_links.txt
[1.210s] -- Up-to-date symlink: /home/hydrolab-linux/ros_ws/src/ros2_wavemakers/install_fresh/wavemaker_interfaces/lib/python3.12/site-packages/wavemaker_interfaces-0.0.0-py3.12.egg-info/top_level.txt
[1.211s] -- Up-to-date symlink: /home/hydrolab-linux/ros_ws/src/ros2_wavemakers/install_fresh/wavemaker_interfaces/lib/python3.12/site-packages/wavemaker_interfaces/__init__.py
[1.211s] -- Up-to-date symlink: /home/hydrolab-linux/ros_ws/src/ros2_wavemakers/install_fresh/wavemaker_interfaces/lib/python3.12/site-packages/wavemaker_interfaces/_wavemaker_interfaces_s.ep.rosidl_typesupport_c.c
[1.211s] -- Up-to-date symlink: /home/hydrolab-linux/ros_ws/src/ros2_wavemakers/install_fresh/wavemaker_interfaces/lib/python3.12/site-packages/wavemaker_interfaces/_wavemaker_interfaces_s.ep.rosidl_typesupport_fastrtps_c.c
[1.211s] -- Up-to-date symlink: /home/hydrolab-linux/ros_ws/src/ros2_wavemakers/install_fresh/wavemaker_interfaces/lib/python3.12/site-packages/wavemaker_interfaces/_wavemaker_interfaces_s.ep.rosidl_typesupport_introspection_c.c
[1.211s] -- Up-to-date symlink: /home/hydrolab-linux/ros_ws/src/ros2_wavemakers/install_fresh/wavemaker_interfaces/lib/python3.12/site-packages/wavemaker_interfaces/action/__init__.py
[1.211s] -- Up-to-date symlink: /home/hydrolab-linux/ros_ws/src/ros2_wavemakers/install_fresh/wavemaker_interfaces/lib/python3.12/site-packages/wavemaker_interfaces/action/_move_wavemaker.py
[1.211s] -- Up-to-date symlink: /home/hydrolab-linux/ros_ws/src/ros2_wavemakers/install_fresh/wavemaker_interfaces/lib/python3.12/site-packages/wavemaker_interfaces/action/_move_wavemaker_s.c
[1.211s] -- Up-to-date symlink: /home/hydrolab-linux/ros_ws/src/ros2_wavemakers/install_fresh/wavemaker_interfaces/lib/python3.12/site-packages/wavemaker_interfaces/wavemaker_interfaces_s__rosidl_typesupport_c.so
[1.211s] -- Up-to-date symlink: /home/hydrolab-linux/ros_ws/src/ros2_wavemakers/install_fresh/wavemaker_interfaces/lib/python3.12/site-packages/wavemaker_interfaces/wavemaker_interfaces_s__rosidl_typesupport_fastrtps_c.so
[1.211s] -- Up-to-date symlink: /home/hydrolab-linux/ros_ws/src/ros2_wavemakers/install_fresh/wavemaker_interfaces/lib/python3.12/site-packages/wavemaker_interfaces/wavemaker_interfaces_s__rosidl_typesupport_introspection_c.so
[1.212s] -- Up-to-date symlink: /home/hydrolab-linux/ros_ws/src/ros2_wavemakers/install_fresh/wavemaker_interfaces/lib/python3.12/site-packages/wavemaker_interfaces/wavemaker_interfaces_s__rosidl_typesupport_fastrtps_c.so
[1.212s] -- Up-to-date symlink: /home/hydrolab-linux/ros_ws/src/ros2_wavemakers/install_fresh/wavemaker_interfaces/lib/python3.12/site-packages/wavemaker_interfaces/wavemaker_interfaces_s__rosidl_typesupport_introspection_c.so
[1.213s] -- Up-to-date symlink: /home/hydrolab-linux/ros_ws/src/ros2_wavemakers/install_fresh/wavemaker_interfaces/lib/python3.12/site-packages/wavemaker_interfaces/wavemaker_interfaces_s__rosidl_typesupport_c.so
[1.213s] -- Up-to-date symlink: /home/hydrolab-linux/ros_ws/src/ros2_wavemakers/install_fresh/wavemaker_interfaces/share/wavemaker_interfaces/rust/Cargo.toml
[1.213s] -- Up-to-date symlink: /home/hydrolab-linux/ros_ws/src/ros2_wavemakers/install_fresh/wavemaker_interfaces/share/wavemaker_interfaces/rust/build.rs
[1.213s] -- Up-to-date symlink: /home/hydrolab-linux/ros_ws/src/ros2_wavemakers/install_fresh/wavemaker_interfaces/share/wavemaker_interfaces/rust/src/action.rs
[1.213s] -- Up-to-date symlink: /home/hydrolab-linux/ros_ws/src/ros2_wavemakers/install_fresh/wavemaker_interfaces/share/wavemaker_interfaces/rust/src/action/rmw.rs
[1.213s] -- Up-to-date symlink: /home/hydrolab-linux/ros_ws/src/ros2_wavemakers/install_fresh/wavemaker_interfaces/share/wavemaker_interfaces/rust/src/lib.rs
[1.214s] -- Up-to-date symlink: /home/hydrolab-linux/ros_ws/src/ros2_wavemakers/install_fresh/wavemaker_interfaces/share/wavemaker_interfaces/action/MoveWavemaker.idl
[1.214s] -- Up-to-date symlink: /home/hydrolab-linux/ros_ws/src/ros2_wavemakers/install_fresh/wavemaker_interfaces/share/wavemaker_interfaces/action/MoveWavemaker.action
[1.214s] -- Up-to-date symlink: /home/hydrolab-linux/ros_ws/src/ros2_wavemakers/install_fresh/wavemaker_interfaces/share/ament_index/resource_index/package_run_dependencies/wavemaker_interfaces
[1.214s] -- Up-to-date symlink: /home/hydrolab-linux/ros_ws/src/ros2_wavemakers/install_fresh/wavemaker_interfaces/share/ament_index/resource_index/parent_prefix_path/wavemaker_interfaces
[1.214s] -- Up-to-date symlink: /home/hydrolab-linux/ros_ws/src/ros2_wavemakers/install_fresh/wavemaker_interfaces/share/wavemaker_interfaces/environment/ament_prefix_path.sh
[1.214s] -- Up-to-date symlink: /home/hydrolab-linux/ros_ws/src/ros2_wavemakers/install_fresh/wavemaker_interfaces/share/wavemaker_interfaces/environment/ament_prefix_path.dsv
[1.214s] -- Up-to-date symlink: /home/hydrolab-linux/ros_ws/src/ros2_wavemakers/install_fresh/wavemaker_interfaces/share/wavemaker_interfaces/environment/path.sh
[1.214s] -- Up-to-date symlink: /home/hydrolab-linux/ros_ws/src/ros2_wavemakers/install_fresh/wavemaker_interfaces/share/wavemaker_interfaces/environment/path.dsv
[1.214s] -- Up-to-date symlink: /home/hydrolab-linux/ros_ws/src/ros2_wavemakers/install_fresh/wavemaker_interfaces/share/wavemaker_interfaces/local_setup.bash
[1.215s] -- Up-to-date symlink: /home/hydrolab-linux/ros_ws/src/ros2_wavemakers/install_fresh/wavemaker_interfaces/share/wavemaker_interfaces/local_setup.sh
[1.215s] -- Up-to-date symlink: /home/hydrolab-linux/ros_ws/src/ros2_wavemakers/install_fresh/wavemaker_interfaces/share/wavemaker_interfaces/local_setup.zsh
[1.215s] -- Up-to-date symlink: /home/hydrolab-linux/ros_ws/src/ros2_wavemakers/install_fresh/wavemaker_interfaces/share/wavemaker_interfaces/local_setup.dsv
[1.215s] -- Symlinking: /home/hydrolab-linux/ros_ws/src/ros2_wavemakers/install_fresh/wavemaker_interfaces/share/wavemaker_interfaces/package.dsv
[1.224s] -- Up-to-date symlink: /home/hydrolab-linux/ros_ws/src/ros2_wavemakers/install_fresh/wavemaker_interfaces/share/ament_index/resource_index/packages/wavemaker_interfaces
[1.224s] -- Up-to-date symlink: /home/hydrolab-linux/ros_ws/src/ros2_wavemakers/install_fresh/wavemaker_interfaces/share/wavemaker_interfaces/cmake/rosidl_cmake-extras.cmake
[1.224s] -- Up-to-date symlink: /home/hydrolab-linux/ros_ws/src/ros2_wavemakers/install_fresh/wavemaker_interfaces/share/wavemaker_interfaces/cmake/ament_cmake_export_dependencies-extras.cmake
[1.224s] -- Up-to-date symlink: /home/hydrolab-linux/ros_ws/src/ros2_wavemakers/install_fresh/wavemaker_interfaces/share/wavemaker_interfaces/cmake/ament_cmake_export_include_directories-extras.cmake
[1.224s] -- Up-to-date symlink: /home/hydrolab-linux/ros_ws/src/ros2_wavemakers/install_fresh/wavemaker_interfaces/share/wavemaker_interfaces/cmake/ament_cmake_export_libraries-extras.cmake
[1.224s] -- Up-to-date symlink: /home/hydrolab-linux/ros_ws/src/ros2_wavemakers/install_fresh/wavemaker_interfaces/share/wavemaker_interfaces/cmake/ament_cmake_export_targets-extras.cmake
[1.224s] -- Up-to-date symlink: /home/hydrolab-linux/ros_ws/src/ros2_wavemakers/install_fresh/wavemaker_interfaces/share/wavemaker_interfaces/cmake/rosidl_cmake_export_typesupport_targets-extras.cmake
[1.224s] -- Up-to-date symlink: /home/hydrolab-linux/ros_ws/src/ros2_wavemakers/install_fresh/wavemaker_interfaces/share/wavemaker_interfaces/cmake/rosidl_cmake_export_typesupport_libraries-extras.cmake
[1.224s] -- Up-to-date symlink: /home/hydrolab-linux/ros_ws/src/ros2_wavemakers/install_fresh/wavemaker_interfaces/share/wavemaker_interfaces/cmake/rosidl_cmake_aggregate_target-extras.cmake
[1.224s] -- Up-to-date symlink: /home/hydrolab-linux/ros_ws/src/ros2_wavemakers/install_fresh/wavemaker_interfaces/share/wavemaker_interfaces/cmake/wavemaker_interfacesConfig.cmake
[1.224s] -- Up-to-date symlink: /home/hydrolab-linux/ros_ws/src/ros2_wavemakers/install_fresh/wavemaker_interfaces/share/wavemaker_interfaces/cmake/wavemaker_interfacesConfig-version.cmake
[1.224s] -- Up-to-date symlink: /home/hydrolab-linux/ros_ws/src/ros2_wavemakers/install_fresh/wavemaker_interfaces/share/wavemaker_interfaces/package.xml
[1.224s] -- Up-to-date: /home/hydrolab-linux/ros_ws/src/ros2_wavemakers/install_fresh/wavemaker_interfaces/lib/libwavemaker_interfaces__rosidl_generator_c.so
[1.225s] -- Up-to-date: /home/hydrolab-linux/ros_ws/src/ros2_wavemakers/install_fresh/wavemaker_interfaces/lib/libwavemaker_interfaces__rosidl_typesupport_fastrtps_c.so
[1.225s] -- Up-to-date: /home/hydrolab-linux/ros_ws/src/ros2_wavemakers/install_fresh/wavemaker_interfaces/lib/libwavemaker_interfaces__rosidl_typesupport_introspection_c.so
[1.225s] -- Up-to-date: /home/hydrolab-linux/ros_ws/src/ros2_wavemakers/install_fresh/wavemaker_interfaces/lib/libwavemaker_interfaces__rosidl_typesupport_c.so
[1.225s] -- Up-to-date: /home/hydrolab-linux/ros_ws/src/ros2_wavemakers/install_fresh/wavemaker_interfaces/lib/libwavemaker_interfaces__rosidl_typesupport_fastrtps_cpp.so
[1.225s] -- Up-to-date: /home/hydrolab-linux/ros_ws/src/ros2_wavemakers/install_fresh/wavemaker_interfaces/lib/libwavemaker_interfaces__rosidl_typesupport_introspection_cpp.so
[1.225s] -- Up-to-date: /home/hydrolab-linux/ros_ws/src/ros2_wavemakers/install_fresh/wavemaker_interfaces/lib/libwavemaker_interfaces__rosidl_typesupport_cpp.so
[1.257s] Listing '/home/hydrolab-linux/ros_ws/src/ros2_wavemakers/install_fresh/wavemaker_interfaces/lib/python3.12/site-packages/wavemaker_interfaces'...
[1.257s] Compiling '/home/hydrolab-linux/ros_ws/src/ros2_wavemakers/install_fresh/wavemaker_interfaces/lib/python3.12/site-packages/wavemaker_interfaces/__init__.py'...
[1.257s] Listing '/home/hydrolab-linux/ros_ws/src/ros2_wavemakers/install_fresh/wavemaker_interfaces/lib/python3.12/site-packages/wavemaker_interfaces/action'...
[1.261s] -- Up-to-date: /home/hydrolab-linux/ros_ws/src/ros2_wavemakers/install_fresh/wavemaker_interfaces/lib/libwavemaker_interfaces__rosidl_generator_py.so
[1.261s] -- Up-to-date: /home/hydrolab-linux/ros_ws/src/ros2_wavemakers/install_fresh/wavemaker_interfaces/share/wavemaker_interfaces/cmake/export_wavemaker_interfaces__rosidl_generator_cExport.cmake
[1.261s] -- Up-to-date: /home/hydrolab-linux/ros_ws/src/ros2_wavemakers/install_fresh/wavemaker_interfaces/share/wavemaker_interfaces/cmake/export_wavemaker_interfaces__rosidl_generator_cExport-relwithdebinfo.cmake
[1.261s] -- Up-to-date: /home/hydrolab-linux/ros_ws/src/ros2_wavemakers/install_fresh/wavemaker_interfaces/share/wavemaker_interfaces/cmake/export_wavemaker_interfaces__rosidl_typesupport_fastrtps_cExport.cmake
[1.261s] -- Up-to-date: /home/hydrolab-linux/ros_ws/src/ros2_wavemakers/install_fresh/wavemaker_interfaces/share/wavemaker_interfaces/cmake/export_wavemaker_interfaces__rosidl_typesupport_fastrtps_cExport-relwithdebinfo.cmake
[1.261s] -- Up-to-date: /home/hydrolab-linux/ros_ws/src/ros2_wavemakers/install_fresh/wavemaker_interfaces/share/wavemaker_interfaces/cmake/wavemaker_interfaces__rosidl_typesupport_introspection_cExport.cmake
[1.261s] -- Up-to-date: /home/hydrolab-linux/ros_ws/src/ros2_wavemakers/install_fresh/wavemaker_interfaces/share/wavemaker_interfaces/cmake/wavemaker_interfaces__rosidl_typesupport_introspection_cExport-relwithdebinfo.cmake
[1.261s] -- Up-to-date: /home/hydrolab-linux/ros_ws/src/ros2_wavemakers/install_fresh/wavemaker_interfaces/share/wavemaker_interfaces/cmake/wavemaker_interfaces__rosidl_typesupport_cExport.cmake
[1.261s] -- Up-to-date: /home/hydrolab-linux/ros_ws/src/ros2_wavemakers/install_fresh/wavemaker_interfaces/share/wavemaker_interfaces/cmake/wavemaker_interfaces__rosidl_typesupport_cExport-relwithdebinfo.cmake
[1.261s] -- Up-to-date: /home/hydrolab-linux/ros_ws/src/ros2_wavemakers/install_fresh/wavemaker_interfaces/share/wavemaker_interfaces/cmake/export_wavemaker_interfaces__rosidl_generator_cppExport.cmake
[1.261s] -- Up-to-date: /home/hydrolab-linux/ros_ws/src/ros2_wavemakers/install_fresh/wavemaker_interfaces/share/wavemaker_interfaces/cmake/export_wavemaker_interfaces__rosidl_typesupport_fastrtps_cppExport.cmake
[1.261s] -- Up-to-date: /home/hydrolab-linux/ros_ws/src/ros2_wavemakers/install_fresh/wavemaker_interfaces/share/wavemaker_interfaces/cmake/export_wavemaker_interfaces__rosidl_typesupport_fastrtps_cppExport-relwithdebinfo.cmake
[1.261s] -- Up-to-date: /home/hydrolab-linux/ros_ws/src/ros2_wavemakers/install_fresh/wavemaker_interfaces/share/wavemaker_interfaces/cmake/wavemaker_interfaces__rosidl_typesupport_introspection_cppExport.cmake
[1.261s] -- Up-to-date: /home/hydrolab-linux/ros_ws/src/ros2_wavemakers/install_fresh/wavemaker_interfaces/share/wavemaker_interfaces/cmake/wavemaker_interfaces__rosidl_typesupport_introspection_cppExport-relwithdebinfo.cmake
[1.262s] -- Up-to-date: /home/hydrolab-linux/ros_ws/src/ros2_wavemakers/install_fresh/wavemaker_interfaces/share/wavemaker_interfaces/cmake/wavemaker_interfaces__rosidl_typesupport_cppExport.cmake
[1.262s] -- Up-to-date: /home/hydrolab-linux/ros_ws/src/ros2_wavemakers/install_fresh/wavemaker_interfaces/share/wavemaker_interfaces/cmake/wavemaker_interfaces__rosidl_typesupport_cppExport-relwithdebinfo.cmake
[1.262s] -- Up-to-date: /home/hydrolab-linux/ros_ws/src/ros2_wavemakers/install_fresh/wavemaker_interfaces/share/wavemaker_interfaces/cmake/export_wavemaker_interfaces__rosidl_generator_pyExport.cmake
[1.262s] -- Up-to-date: /home/hydrolab-linux/ros_ws/src/ros2_wavemakers/install_fresh/wavemaker_interfaces/share/wavemaker_interfaces/cmake/export_wavemaker_interfaces__rosidl_generator_pyExport-relwithdebinfo.cmake
[1.263s] Invoked command in '/home/hydrolab-linux/ros_ws/src/ros2_wavemakers/build_fresh/wavemaker_interfaces' returned '0': CMAKE_PREFIX_PATH=${CMAKE_PREFIX_PATH}:/home/hydrolab-linux/ros_ws/install/turtlesim_gotta_catch_em_all:/home/hydrolab-linux/ros_ws/install/rpi_tests:/home/hydrolab-linux/ros_ws/install/rpi_linmot:/home/hydrolab-linux/ros_ws/install/rpi_arduino:/home/hydrolab-linux/ros_ws/install/my_py_pkg:/home/hydrolab-linux/ros_ws/install/move_robot:/home/hydrolab-linux/ros_ws/install/actions_py:/home/hydrolab-linux/ros_ws/install/lifecycle_py:/home/hydrolab-linux/ros_ws/install/joy_teleop_bridge:/home/hydrolab-linux/ros_ws/install/executors_py:/home/hydrolab-linux/ros_ws/install/components_py:/home/hydrolab-linux/ros_ws/install/bno055:/opt/ros/jazzy DEBUGINFOD_URLS=https://debuginfod.ubuntu.com /usr/bin/cmake --install /home/hydrolab-linux/ros_ws/src/ros2_wavemakers/build_fresh/wavemaker_interfaces
