-- The C compiler identification is GNU 13.3.0
-- The CXX compiler identification is GNU 13.3.0
-- Detecting C compiler ABI info
-- Detecting C compiler ABI info - done
-- Check for working C compiler: /usr/bin/cc - skipped
-- Detecting C compile features
-- Detecting C compile features - done
-- Detecting CXX compiler ABI info
-- Detecting CXX compiler ABI info - done
-- Check for working CXX compiler: /usr/bin/c++ - skipped
-- Detecting CXX compile features
-- Detecting CXX compile features - done
-- Found ament_cmake: 2.5.6 (/opt/ros/jazzy/share/ament_cmake/cmake)
-- Found Python3: /usr/bin/python3 (found version "3.12.3") found components: Interpreter 
-- Override CMake install command with custom implementation using symlinks instead of copying resources
-- Found lifecycle_msgs: 2.0.4 (/opt/ros/jazzy/share/lifecycle_msgs/cmake)
-- Found rosidl_generator_c: 4.6.9 (/opt/ros/jazzy/share/rosidl_generator_c/cmake)
-- Found rosidl_generator_cpp: 4.6.9 (/opt/ros/jazzy/share/rosidl_generator_cpp/cmake)
-- Using all available rosidl_typesupport_c: rosidl_typesupport_fastrtps_c;rosidl_typesupport_introspection_c
-- Using all available rosidl_typesupport_cpp: rosidl_typesupport_fastrtps_cpp;rosidl_typesupport_introspection_cpp
-- Found rclcpp: 28.1.22 (/opt/ros/jazzy/share/rclcpp/cmake)
-- Found rmw_implementation_cmake: 7.3.3 (/opt/ros/jazzy/share/rmw_implementation_cmake/cmake)
-- Found rmw_cyclonedds_cpp: 2.2.4 (/opt/ros/jazzy/share/rmw_cyclonedds_cpp/cmake)
-- Using RMW implementation 'rmw_cyclonedds_cpp' as default
-- Found rclcpp_lifecycle: 28.1.22 (/opt/ros/jazzy/share/rclcpp_lifecycle/cmake)
-- Found rclcpp_action: 28.1.22 (/opt/ros/jazzy/share/rclcpp_action/cmake)
-- Found wavemaker_interfaces: 0.0.0 (/home/hydrolab-linux/ros_ws/src/ros2_wavemakers/install_fresh/wavemaker_interfaces/share/wavemaker_interfaces/cmake)
-- Found bondcpp: 4.2.0 (/opt/ros/jazzy/share/bondcpp/cmake)
-- Found mgate5101_driver: 0.1.0 (/home/hydrolab-linux/ros_ws/src/ros2_wavemakers/install_fresh/mgate5101_driver/share/mgate5101_driver/cmake)
-- Found ament_cmake_gtest: 2.5.6 (/opt/ros/jazzy/share/ament_cmake_gtest/cmake)
-- Found ament_lint_auto: 0.17.5 (/opt/ros/jazzy/share/ament_lint_auto/cmake)
-- Found gtest sources under '/opt/ros/jazzy/src/gtest_vendor': C++ tests using 'Google Test' will be built
-- Performing Test CMAKE_HAVE_LIBC_PTHREAD
-- Performing Test CMAKE_HAVE_LIBC_PTHREAD - Success
-- Found Threads: TRUE  
-- Added test 'cppcheck' to perform static code analysis on C / C++ code
-- Configured cppcheck include dirs: /home/hydrolab-linux/ros_ws/src/ros2_wavemakers/wavemaker_controller/src
-- Configured cppcheck exclude dirs and/or files: 
-- Added test 'lint_cmake' to check CMake code style
-- Added test 'uncrustify' to check C / C++ code style
-- Configured uncrustify additional arguments: 
-- Added test 'xmllint' to check XML markup files
-- Configuring done (1.1s)
-- Generating done (0.0s)
-- Build files have been written to: /home/hydrolab-linux/ros_ws/src/ros2_wavemakers/build_fresh/wavemaker_controller
[  6%] [32mBuilding CXX object gtest/CMakeFiles/gtest_main.dir/src/gtest_main.cc.o[0m
[ 13%] [32mBuilding CXX object CMakeFiles/wavemaker_node.dir/src/indradrive_actuator.cpp.o[0m
[ 20%] [32mBuilding CXX object CMakeFiles/wavemaker_bridge.dir/src/wavemaker_bridge.cpp.o[0m
[ 33%] [32mBuilding CXX object CMakeFiles/wavemaker_node.dir/src/wavemaker_node.cpp.o[0m
[ 33%] [32mBuilding CXX object gtest/CMakeFiles/gtest.dir/src/gtest-all.cc.o[0m
[ 40%] [32m[1mLinking CXX static library libgtest_main.a[0m
[ 40%] Built target gtest_main
[ 46%] [32m[1mLinking CXX executable wavemaker_bridge[0m
[ 46%] Built target wavemaker_bridge
[ 53%] [32m[1mLinking CXX executable wavemaker_node[0m
[ 53%] Built target wavemaker_node
[ 60%] [32m[1mLinking CXX static library libgtest.a[0m
[ 60%] Built target gtest
[ 66%] [32mBuilding CXX object CMakeFiles/test_wavemaker_node.dir/src/indradrive_actuator.cpp.o[0m
[ 80%] [32mBuilding CXX object CMakeFiles/test_indradrive_actuator.dir/test/test_indradrive_actuator.cpp.o[0m
[ 86%] [32mBuilding CXX object CMakeFiles/test_indradrive_actuator.dir/src/indradrive_actuator.cpp.o[0m
[ 86%] [32mBuilding CXX object CMakeFiles/test_wavemaker_node.dir/test/test_wavemaker_node.cpp.o[0m
[ 93%] [32m[1mLinking CXX executable test_indradrive_actuator[0m
[ 93%] Built target test_indradrive_actuator
[100%] [32m[1mLinking CXX executable test_wavemaker_node[0m
[100%] Built target test_wavemaker_node
-- Install configuration: "RelWithDebInfo"
-- Execute custom install script
-- Symlinking: /home/hydrolab-linux/ros_ws/src/ros2_wavemakers/install_fresh/wavemaker_controller/lib/wavemaker_controller/wavemaker_node
-- Symlinking: /home/hydrolab-linux/ros_ws/src/ros2_wavemakers/install_fresh/wavemaker_controller/lib/wavemaker_controller/wavemaker_bridge
-- Symlinking: /home/hydrolab-linux/ros_ws/src/ros2_wavemakers/install_fresh/wavemaker_controller/share/ament_index/resource_index/package_run_dependencies/wavemaker_controller
-- Symlinking: /home/hydrolab-linux/ros_ws/src/ros2_wavemakers/install_fresh/wavemaker_controller/share/ament_index/resource_index/parent_prefix_path/wavemaker_controller
-- Symlinking: /home/hydrolab-linux/ros_ws/src/ros2_wavemakers/install_fresh/wavemaker_controller/share/wavemaker_controller/environment/ament_prefix_path.sh
-- Symlinking: /home/hydrolab-linux/ros_ws/src/ros2_wavemakers/install_fresh/wavemaker_controller/share/wavemaker_controller/environment/ament_prefix_path.dsv
-- Symlinking: /home/hydrolab-linux/ros_ws/src/ros2_wavemakers/install_fresh/wavemaker_controller/share/wavemaker_controller/environment/path.sh
-- Symlinking: /home/hydrolab-linux/ros_ws/src/ros2_wavemakers/install_fresh/wavemaker_controller/share/wavemaker_controller/environment/path.dsv
-- Symlinking: /home/hydrolab-linux/ros_ws/src/ros2_wavemakers/install_fresh/wavemaker_controller/share/wavemaker_controller/local_setup.bash
-- Symlinking: /home/hydrolab-linux/ros_ws/src/ros2_wavemakers/install_fresh/wavemaker_controller/share/wavemaker_controller/local_setup.sh
-- Symlinking: /home/hydrolab-linux/ros_ws/src/ros2_wavemakers/install_fresh/wavemaker_controller/share/wavemaker_controller/local_setup.zsh
-- Symlinking: /home/hydrolab-linux/ros_ws/src/ros2_wavemakers/install_fresh/wavemaker_controller/share/wavemaker_controller/local_setup.dsv
-- Symlinking: /home/hydrolab-linux/ros_ws/src/ros2_wavemakers/install_fresh/wavemaker_controller/share/wavemaker_controller/package.dsv
-- Symlinking: /home/hydrolab-linux/ros_ws/src/ros2_wavemakers/install_fresh/wavemaker_controller/share/ament_index/resource_index/packages/wavemaker_controller
-- Symlinking: /home/hydrolab-linux/ros_ws/src/ros2_wavemakers/install_fresh/wavemaker_controller/share/wavemaker_controller/cmake/wavemaker_controllerConfig.cmake
-- Symlinking: /home/hydrolab-linux/ros_ws/src/ros2_wavemakers/install_fresh/wavemaker_controller/share/wavemaker_controller/cmake/wavemaker_controllerConfig-version.cmake
-- Symlinking: /home/hydrolab-linux/ros_ws/src/ros2_wavemakers/install_fresh/wavemaker_controller/share/wavemaker_controller/package.xml
